#
# There is insufficient memory for the Java Runtime Environment to continue.
# Native memory allocation (malloc) failed to allocate 1041456 bytes. Error detail: Chunk::new
# Possible reasons:
#   The system is out of physical RAM or swap space
#   This process is running with CompressedOops enabled, and the Java Heap may be blocking the growth of the native heap
# Possible solutions:
#   Reduce memory load on the system
#   Increase physical memory or swap space
#   Check if swap backing store is full
#   Decrease Java heap size (-Xmx/-Xms)
#   Decrease number of Java threads
#   Decrease Java thread stack sizes (-Xss)
#   Set larger code cache with -XX:ReservedCodeCacheSize=
#   JVM is running with Unscaled Compressed Oops mode in which the Java heap is
#     placed in the first 4GB address space. The Java Heap base address is the
#     maximum limit for the native heap growth. Please use -XX:HeapBaseMinAddress
#     to set the Java Heap base and to place the Java Heap above 4GB virtual address.
# This output file may be truncated or incomplete.
#
#  Out of Memory Error (arena.cpp:168), pid=16572, tid=7828
#
# JRE version: OpenJDK Runtime Environment Temurin-21.0.11+10 (21.0.11+10) (build 21.0.11+10-LTS)
# Java VM: OpenJDK 64-Bit Server VM Temurin-21.0.11+10 (21.0.11+10-LTS, mixed mode, sharing, tiered, compressed oops, compressed class ptrs, parallel gc, windows-amd64)
# No core dump will be written. Minidumps are not enabled by default on client versions of Windows
#

---------------  S U M M A R Y ------------

Command Line: --add-modules=ALL-SYSTEM --add-opens=java.base/java.util=ALL-UNNAMED --add-opens=java.base/java.lang=ALL-UNNAMED --add-opens=java.base/sun.nio.fs=ALL-UNNAMED -Declipse.application=org.eclipse.jdt.ls.core.id1 -Dosgi.bundles.defaultStartLevel=4 -Declipse.product=org.eclipse.jdt.ls.core.product -Djava.import.generatesMetadataFilesAtProjectRoot=false -DDetectVMInstallationsJob.disabled=true -Dfile.encoding=utf8 -XX:+UseParallelGC -XX:GCTimeRatio=4 -XX:AdaptiveSizePolicyWeight=90 -Dsun.zip.disableMemoryMapping=true -Xmx2G -Xms100m -Xlog:disable -javaagent:c:\Users\neth\.vscode\extensions\redhat.java-1.55.0-win32-x64\lombok\lombok-1.18.39-4050.jar c:\Users\neth\.vscode\extensions\redhat.java-1.55.0-win32-x64\server\plugins\org.eclipse.equinox.launcher_1.7.200.v20260619-2039.jar -configuration c:\Users\neth\AppData\Roaming\Code\User\globalStorage\redhat.java\1.55.0\config_ss_win -data c:\Users\neth\AppData\Roaming\Code\User\workspaceStorage\c4494874b678732b3f5b28ec4bd7de0d\redhat.java\ss_ws --pipe=\\.\pipe\lsp-2ae0114e22ddf49893edaf88c5737ea0-sock

Host: 11th Gen Intel(R) Core(TM) i5-11400H @ 2.70GHz, 12 cores, 15G,  Windows 11 , 64 bit Build 26100 (10.0.26100.8875)
Time: Sat Aug 15 09:44:47 2026 SE Asia Standard Time elapsed time: 12.541024 seconds (0d 0h 0m 12s)

---------------  T H R E A D  ---------------

Current thread (0x00000236c10bcae0):  JavaThread "C2 CompilerThread0" daemon [_thread_in_native, id=7828, stack(0x0000008a03300000,0x0000008a03400000) (1024K)]


Current CompileTask:
C2:12541 4957       4       org.eclipse.osgi.internal.loader.BundleLoader::addExportedProvidersFor (167 bytes)

Stack: [0x0000008a03300000,0x0000008a03400000]
Native frames: (J=compiled Java code, j=interpreted, Vv=VM code, C=native code)
V  [jvm.dll+0x6d7e19]
V  [jvm.dll+0x8b5096]
V  [jvm.dll+0x8b764e]
V  [jvm.dll+0x8b7d33]
V  [jvm.dll+0x284596]
V  [jvm.dll+0xc685d]
V  [jvm.dll+0xc6da1]
V  [jvm.dll+0x3bed31]
V  [jvm.dll+0x38b2b2]
V  [jvm.dll+0x38a6fa]
V  [jvm.dll+0x24c700]
V  [jvm.dll+0x24bce0]
V  [jvm.dll+0x1cb4ae]
V  [jvm.dll+0x25baad]
V  [jvm.dll+0x25a03a]
V  [jvm.dll+0x3f868e]
V  [jvm.dll+0x85fb0d]
V  [jvm.dll+0x6d664d]
C  [ucrtbase.dll+0x2cd30]
C  [KERNEL32.DLL+0x2e957]
C  [ntdll.dll+0xaad6c]


---------------  P R O C E S S  ---------------

Threads class SMR info:
_java_thread_list=0x000002371f876370, length=40, elements={
0x00000236c0ffec50, 0x00000236c10a83e0, 0x00000236c10aa4c0, 0x00000236c10af400,
0x00000236c10b24f0, 0x00000236c10b3940, 0x00000236c10b6da0, 0x00000236c10bcae0,
0x0000023719dfb680, 0x000002371a027ef0, 0x000002371a08b240, 0x000002371fa7f690,
0x000002371f836a20, 0x000002371f7cc240, 0x000002371f7999d0, 0x000002371fb50420,
0x000002372020fe20, 0x000002371fdcea20, 0x00000237203babc0, 0x00000237203be040,
0x00000237203bc600, 0x00000237203bcc90, 0x00000237203bb250, 0x00000237203bd320,
0x00000237203bd9b0, 0x00000237203bb8e0, 0x00000237203bbf70, 0x0000023720e5c920,
0x0000023720e5aee0, 0x0000023720e5e9f0, 0x0000023720e5cfb0, 0x0000023720e5d640,
0x0000023720e5b570, 0x0000023720e5bc00, 0x0000023720e5dcd0, 0x0000023720e5e360,
0x0000023720e5f080, 0x0000023720e5f710, 0x0000023720e5c290, 0x0000023719dfa8e0
}

Java Threads: ( => current thread )
  0x00000236c0ffec50 JavaThread "main"                              [_thread_blocked, id=6720, stack(0x0000008a02900000,0x0000008a02a00000) (1024K)]
  0x00000236c10a83e0 JavaThread "Reference Handler"          daemon [_thread_blocked, id=19252, stack(0x0000008a02d00000,0x0000008a02e00000) (1024K)]
  0x00000236c10aa4c0 JavaThread "Finalizer"                  daemon [_thread_blocked, id=15372, stack(0x0000008a02e00000,0x0000008a02f00000) (1024K)]
  0x00000236c10af400 JavaThread "Signal Dispatcher"          daemon [_thread_blocked, id=13064, stack(0x0000008a02f00000,0x0000008a03000000) (1024K)]
  0x00000236c10b24f0 JavaThread "Attach Listener"            daemon [_thread_blocked, id=18272, stack(0x0000008a03000000,0x0000008a03100000) (1024K)]
  0x00000236c10b3940 JavaThread "Service Thread"             daemon [_thread_blocked, id=19824, stack(0x0000008a03100000,0x0000008a03200000) (1024K)]
  0x00000236c10b6da0 JavaThread "Monitor Deflation Thread"   daemon [_thread_blocked, id=14432, stack(0x0000008a03200000,0x0000008a03300000) (1024K)]
=>0x00000236c10bcae0 JavaThread "C2 CompilerThread0"         daemon [_thread_in_native, id=7828, stack(0x0000008a03300000,0x0000008a03400000) (1024K)]
  0x0000023719dfb680 JavaThread "C1 CompilerThread0"         daemon [_thread_blocked, id=13012, stack(0x0000008a03400000,0x0000008a03500000) (1024K)]
  0x000002371a027ef0 JavaThread "Common-Cleaner"             daemon [_thread_blocked, id=16448, stack(0x0000008a03500000,0x0000008a03600000) (1024K)]
  0x000002371a08b240 JavaThread "Notification Thread"        daemon [_thread_blocked, id=11184, stack(0x0000008a03700000,0x0000008a03800000) (1024K)]
  0x000002371fa7f690 JavaThread "Active Thread: Equinox Container: f7a818df-98df-4f22-9c98-afc1b715acf1"        [_thread_blocked, id=19676, stack(0x0000008a03f00000,0x0000008a04000000) (1024K)]
  0x000002371f836a20 JavaThread "Framework Event Dispatcher: Equinox Container: f7a818df-98df-4f22-9c98-afc1b715acf1" daemon [_thread_blocked, id=17204, stack(0x0000008a04000000,0x0000008a04100000) (1024K)]
  0x000002371f7cc240 JavaThread "Start Level: Equinox Container: f7a818df-98df-4f22-9c98-afc1b715acf1" daemon [_thread_blocked, id=4160, stack(0x0000008a04100000,0x0000008a04200000) (1024K)]
  0x000002371f7999d0 JavaThread "SCR Component Actor"        daemon [_thread_blocked, id=20404, stack(0x0000008a04300000,0x0000008a04400000) (1024K)]
  0x000002371fb50420 JavaThread "Worker-JM"                         [_thread_blocked, id=16348, stack(0x0000008a04400000,0x0000008a04500000) (1024K)]
  0x000002372020fe20 JavaThread "JNA Cleaner"                daemon [_thread_blocked, id=17952, stack(0x0000008a03600000,0x0000008a03700000) (1024K)]
  0x000002371fdcea20 JavaThread "Worker-0"                          [_thread_blocked, id=4712, stack(0x0000008a03800000,0x0000008a03900000) (1024K)]
  0x00000237203babc0 JavaThread "Worker-1"                          [_thread_blocked, id=20088, stack(0x0000008a04700000,0x0000008a04800000) (1024K)]
  0x00000237203be040 JavaThread "Thread-1"                   daemon [_thread_in_native, id=2524, stack(0x0000008a04d00000,0x0000008a04e00000) (1024K)]
  0x00000237203bc600 JavaThread "Thread-2"                   daemon [_thread_in_native, id=15904, stack(0x0000008a04e00000,0x0000008a04f00000) (1024K)]
  0x00000237203bcc90 JavaThread "Thread-3"                   daemon [_thread_in_native, id=16812, stack(0x0000008a04f00000,0x0000008a05000000) (1024K)]
  0x00000237203bb250 JavaThread "Thread-4"                   daemon [_thread_in_native, id=11332, stack(0x0000008a05000000,0x0000008a05100000) (1024K)]
  0x00000237203bd320 JavaThread "Thread-5"                   daemon [_thread_in_native, id=20308, stack(0x0000008a05100000,0x0000008a05200000) (1024K)]
  0x00000237203bd9b0 JavaThread "Thread-6"                   daemon [_thread_in_native, id=16324, stack(0x0000008a05200000,0x0000008a05300000) (1024K)]
  0x00000237203bb8e0 JavaThread "Thread-7"                   daemon [_thread_in_native, id=16132, stack(0x0000008a05300000,0x0000008a05400000) (1024K)]
  0x00000237203bbf70 JavaThread "Thread-8"                   daemon [_thread_in_native, id=19216, stack(0x0000008a05400000,0x0000008a05500000) (1024K)]
  0x0000023720e5c920 JavaThread "Thread-9"                   daemon [_thread_in_native, id=10228, stack(0x0000008a05500000,0x0000008a05600000) (1024K)]
  0x0000023720e5aee0 JavaThread "Thread-10"                  daemon [_thread_in_native, id=15584, stack(0x0000008a05600000,0x0000008a05700000) (1024K)]
  0x0000023720e5e9f0 JavaThread "Thread-11"                  daemon [_thread_in_native, id=14484, stack(0x0000008a05700000,0x0000008a05800000) (1024K)]
  0x0000023720e5cfb0 JavaThread "Thread-12"                  daemon [_thread_in_native, id=15024, stack(0x0000008a05800000,0x0000008a05900000) (1024K)]
  0x0000023720e5d640 JavaThread "Thread-13"                  daemon [_thread_in_native, id=17468, stack(0x0000008a05900000,0x0000008a05a00000) (1024K)]
  0x0000023720e5b570 JavaThread "pool-2-thread-1"                   [_thread_blocked, id=16044, stack(0x0000008a05a00000,0x0000008a05b00000) (1024K)]
  0x0000023720e5bc00 JavaThread "WorkspaceEventsHandler"            [_thread_blocked, id=20372, stack(0x0000008a05b00000,0x0000008a05c00000) (1024K)]
  0x0000023720e5dcd0 JavaThread "pool-1-thread-1"                   [_thread_in_Java, id=1988, stack(0x0000008a05c00000,0x0000008a05d00000) (1024K)]
  0x0000023720e5e360 JavaThread "Worker-2"                          [_thread_blocked, id=18796, stack(0x0000008a05d00000,0x0000008a05e00000) (1024K)]
  0x0000023720e5f080 JavaThread "Worker-3"                          [_thread_blocked, id=10336, stack(0x0000008a05e00000,0x0000008a05f00000) (1024K)]
  0x0000023720e5f710 JavaThread "ForkJoinPool.commonPool-worker-1" daemon [_thread_blocked, id=19152, stack(0x0000008a04800000,0x0000008a04900000) (1024K)]
  0x0000023720e5c290 JavaThread "ForkJoinPool.commonPool-worker-2" daemon [_thread_blocked, id=17028, stack(0x0000008a04900000,0x0000008a04a00000) (1024K)]
  0x0000023719dfa8e0 JavaThread "C2 CompilerThread1"         daemon [_thread_blocked, id=11276, stack(0x0000008a05f00000,0x0000008a06000000) (1024K)]
Total: 40

Other Threads:
  0x00000236c0f94510 VMThread "VM Thread"                           [id=4928, stack(0x0000008a02c00000,0x0000008a02d00000) (1024K)]
  0x00000236c106ab20 WatcherThread "VM Periodic Task Thread"        [id=14668, stack(0x0000008a02b00000,0x0000008a02c00000) (1024K)]
  0x00000236c101d0d0 WorkerThread "GC Thread#0"                     [id=12496, stack(0x0000008a02a00000,0x0000008a02b00000) (1024K)]
  0x000002371f67f9b0 WorkerThread "GC Thread#1"                     [id=3028, stack(0x0000008a03900000,0x0000008a03a00000) (1024K)]
  0x000002371f7c7450 WorkerThread "GC Thread#2"                     [id=17660, stack(0x0000008a03a00000,0x0000008a03b00000) (1024K)]
  0x000002371f7c7800 WorkerThread "GC Thread#3"                     [id=19616, stack(0x0000008a03b00000,0x0000008a03c00000) (1024K)]
  0x000002371f7c7bb0 WorkerThread "GC Thread#4"                     [id=10564, stack(0x0000008a03c00000,0x0000008a03d00000) (1024K)]
  0x000002371f16c1d0 WorkerThread "GC Thread#5"                     [id=14768, stack(0x0000008a03d00000,0x0000008a03e00000) (1024K)]
  0x000002371f2263e0 WorkerThread "GC Thread#6"                     [id=12728, stack(0x0000008a03e00000,0x0000008a03f00000) (1024K)]
  0x000002371f227a00 WorkerThread "GC Thread#7"                     [id=1412, stack(0x0000008a04200000,0x0000008a04300000) (1024K)]
  0x000002371f2272a0 WorkerThread "GC Thread#8"                     [id=16700, stack(0x0000008a04500000,0x0000008a04600000) (1024K)]
  0x000002371f227650 WorkerThread "GC Thread#9"                     [id=9872, stack(0x0000008a04600000,0x0000008a04700000) (1024K)]
Total: 12

Threads with active compile tasks:
C2 CompilerThread0  12569 4957       4       org.eclipse.osgi.internal.loader.BundleLoader::addExportedProvidersFor (167 bytes)
Total: 1

VM state: not at safepoint (normal execution)

VM Mutex/Monitor currently owned by a thread: None

Heap address: 0x0000000080000000, size: 2048 MB, Compressed Oops mode: 32-bit

CDS archive(s) mapped at: [0x00000236d8000000-0x00000236d8ba0000-0x00000236d8ba0000), size 12189696, SharedBaseAddress: 0x00000236d8000000, ArchiveRelocationMode: 1.
Compressed class space mapped at: 0x00000236d9000000-0x0000023719000000, reserved size: 1073741824
Narrow klass base: 0x00000236d8000000, Narrow klass shift: 0, Narrow klass range: 0x100000000

GC Precious Log:
 CardTable entry size: 512
 CPUs: 12 total, 12 available
 Memory: 16085M
 Large Page Support: Disabled
 NUMA Support: Disabled
 Compressed Oops: Enabled (32-bit)
 Alignments: Space 512K, Generation 512K, Heap 2M
 Heap Min Capacity: 100M
 Heap Initial Capacity: 100M
 Heap Max Capacity: 2G
 Pre-touch: Disabled
 Parallel Workers: 10

Heap:
 PSYoungGen      total 22528K, used 16612K [0x00000000d5580000, 0x00000000d6e00000, 0x0000000100000000)
  eden space 22016K, 73% used [0x00000000d5580000,0x00000000d6541250,0x00000000d6b00000)
  from space 512K, 93% used [0x00000000d6c00000,0x00000000d6c78000,0x00000000d6c80000)
  to   space 1024K, 0% used [0x00000000d6d00000,0x00000000d6d00000,0x00000000d6e00000)
 ParOldGen       total 68608K, used 31260K [0x0000000080000000, 0x0000000084300000, 0x00000000d5580000)
  object space 68608K, 45% used [0x0000000080000000,0x0000000081e87078,0x0000000084300000)
 Metaspace       used 37547K, committed 38528K, reserved 1114112K
  class space    used 3818K, committed 4224K, reserved 1048576K

Card table byte_map: [0x00000236c09a0000,0x00000236c0db0000] _byte_map_base: 0x00000236c05a0000

Marking Bits: (ParMarkBitMap*) 0x00007ff84b914460
 Begin Bits: [0x00000236d34b0000, 0x00000236d54b0000)
 End Bits:   [0x00000236d54b0000, 0x00000236d74b0000)

Polling page: 0x00000236bee00000

Metaspace:

Usage:
  Non-class:     32.94 MB used.
      Class:      3.73 MB used.
       Both:     36.67 MB used.

Virtual space:
  Non-class space:       64.00 MB reserved,      33.50 MB ( 52%) committed,  1 nodes.
      Class space:        1.00 GB reserved,       4.12 MB ( <1%) committed,  1 nodes.
             Both:        1.06 GB reserved,      37.62 MB (  3%) committed. 

Chunk freelists:
   Non-Class:  14.34 MB
       Class:  11.82 MB
        Both:  26.16 MB

MaxMetaspaceSize: unlimited
CompressedClassSpaceSize: 1.00 GB
Initial GC threshold: 21.00 MB
Current GC threshold: 58.38 MB
CDS: on
 - commit_granule_bytes: 65536.
 - commit_granule_words: 8192.
 - virtual_space_node_default_size: 8388608.
 - enlarge_chunks_in_place: 1.
 - use_allocation_guard: 0.


Internal statistics:

num_allocs_failed_limit: 6.
num_arena_births: 788.
num_arena_deaths: 66.
num_vsnodes_births: 2.
num_vsnodes_deaths: 0.
num_space_committed: 602.
num_space_uncommitted: 0.
num_chunks_returned_to_freelist: 92.
num_chunks_taken_from_freelist: 2411.
num_chunk_merges: 15.
num_chunk_splits: 1492.
num_chunks_enlarged: 890.
num_inconsistent_stats: 0.

CodeHeap 'non-profiled nmethods': size=120000Kb used=2826Kb max_used=2884Kb free=117173Kb
 bounds [0x00000236cbcd0000, 0x00000236cbfc0000, 0x00000236d3200000]
CodeHeap 'profiled nmethods': size=120000Kb used=9315Kb max_used=9329Kb free=110684Kb
 bounds [0x00000236c4200000, 0x00000236c4b80000, 0x00000236cb730000]
CodeHeap 'non-nmethods': size=5760Kb used=1389Kb max_used=1429Kb free=4370Kb
 bounds [0x00000236cb730000, 0x00000236cb9a0000, 0x00000236cbcd0000]
CodeCache: size=245760Kb, used=13530Kb, max_used=13642Kb, free=232227Kb
 total_blobs=5261, nmethods=4579, adapters=588, full_count=0
Compilation: enabled, stopped_count=0, restarted_count=0

Compilation events (20 events):
Event: 12.466 Thread 0x0000023719dfb680 nmethod 4987 0x00000236c4522610 code [0x00000236c45229a0, 0x00000236c45244d8]
Event: 12.466 Thread 0x0000023719dfb680 4985       3       org.eclipse.jdt.internal.core.util.LRUCache::spaceFor (19 bytes)
Event: 12.466 Thread 0x0000023719dfb680 nmethod 4985 0x00000236c4375a10 code [0x00000236c4375be0, 0x00000236c4376030]
Event: 12.466 Thread 0x0000023719dfb680 4986       3       org.eclipse.jdt.internal.core.util.LRUCache::privateAddEntry (87 bytes)
Event: 12.466 Thread 0x0000023719dfb680 nmethod 4986 0x00000236c42a9790 code [0x00000236c42a9940, 0x00000236c42a9c58]
Event: 12.466 Thread 0x0000023719dfb680 4988       1       org.eclipse.jdt.internal.core.AbstractModule::getElementType (3 bytes)
Event: 12.466 Thread 0x0000023719dfb680 nmethod 4988 0x00000236cbd48590 code [0x00000236cbd48720, 0x00000236cbd487e8]
Event: 12.467 Thread 0x0000023719dfb680 4989       3       java.util.concurrent.locks.AbstractQueuedSynchronizer$Node::<init> (5 bytes)
Event: 12.467 Thread 0x0000023719dfb680 nmethod 4989 0x00000236c43ecd90 code [0x00000236c43ecf40, 0x00000236c43ed0a8]
Event: 12.502 Thread 0x0000023719dfa8e0 nmethod 4959 0x00000236cbfad310 code [0x00000236cbfad660, 0x00000236cbfaf690]
Event: 12.502 Thread 0x0000023719dfa8e0 4991       4       java.lang.ThreadLocal$ThreadLocalMap::set (133 bytes)
Event: 12.507 Thread 0x0000023719dfa8e0 nmethod 4991 0x00000236cbd09910 code [0x00000236cbd09ae0, 0x00000236cbd09eb0]
Event: 12.507 Thread 0x0000023719dfa8e0 4980       4       org.eclipse.jdt.internal.core.JavaElement::hashCode (28 bytes)
Event: 12.508 Thread 0x0000023719dfa8e0 nmethod 4980 0x00000236cbd09610 code [0x00000236cbd097a0, 0x00000236cbd09878]
Event: 12.509 Thread 0x0000023719dfb680 4992       3       org.eclipse.osgi.internal.loader.classpath.ClasspathManager::findLocalResourceImpl (81 bytes)
Event: 12.510 Thread 0x0000023719dfb680 nmethod 4992 0x00000236c442eb10 code [0x00000236c442ece0, 0x00000236c442f0c0]
Event: 12.522 Thread 0x0000023719dfb680 4993       3       java.lang.Long::toString (55 bytes)
Event: 12.522 Thread 0x0000023719dfb680 nmethod 4993 0x00000236c442e410 code [0x00000236c442e5e0, 0x00000236c442e920]
Event: 12.527 Thread 0x0000023719dfb680 4994       3       java.lang.StringLatin1::toBytes (9 bytes)
Event: 12.528 Thread 0x0000023719dfb680 nmethod 4994 0x00000236c43e6c90 code [0x00000236c43e6e20, 0x00000236c43e6fa8]

GC Heap History (20 events):
Event: 11.009 GC heap before
{Heap before GC invocations=12 (full 1):
 PSYoungGen      total 24576K, used 24406K [0x00000000d5580000, 0x00000000d7280000, 0x0000000100000000)
  eden space 22528K, 100% used [0x00000000d5580000,0x00000000d6b80000,0x00000000d6b80000)
  from space 2048K, 91% used [0x00000000d7080000,0x00000000d7255a40,0x00000000d7280000)
  to   space 2560K, 0% used [0x00000000d6d80000,0x00000000d6d80000,0x00000000d7000000)
 ParOldGen       total 68608K, used 15757K [0x0000000080000000, 0x0000000084300000, 0x00000000d5580000)
  object space 68608K, 22% used [0x0000000080000000,0x0000000080f63728,0x0000000084300000)
 Metaspace       used 32194K, committed 33088K, reserved 1114112K
  class space    used 3238K, committed 3648K, reserved 1048576K
}
Event: 11.012 GC heap after
{Heap after GC invocations=12 (full 1):
 PSYoungGen      total 24576K, used 2112K [0x00000000d5580000, 0x00000000d7100000, 0x0000000100000000)
  eden space 22016K, 0% used [0x00000000d5580000,0x00000000d5580000,0x00000000d6b00000)
  from space 2560K, 82% used [0x00000000d6d80000,0x00000000d6f90030,0x00000000d7000000)
  to   space 1024K, 0% used [0x00000000d7000000,0x00000000d7000000,0x00000000d7100000)
 ParOldGen       total 68608K, used 17491K [0x0000000080000000, 0x0000000084300000, 0x00000000d5580000)
  object space 68608K, 25% used [0x0000000080000000,0x0000000081114f70,0x0000000084300000)
 Metaspace       used 32194K, committed 33088K, reserved 1114112K
  class space    used 3238K, committed 3648K, reserved 1048576K
}
Event: 11.093 GC heap before
{Heap before GC invocations=13 (full 1):
 PSYoungGen      total 24576K, used 24128K [0x00000000d5580000, 0x00000000d7100000, 0x0000000100000000)
  eden space 22016K, 100% used [0x00000000d5580000,0x00000000d6b00000,0x00000000d6b00000)
  from space 2560K, 82% used [0x00000000d6d80000,0x00000000d6f90030,0x00000000d7000000)
  to   space 1024K, 0% used [0x00000000d7000000,0x00000000d7000000,0x00000000d7100000)
 ParOldGen       total 68608K, used 17491K [0x0000000080000000, 0x0000000084300000, 0x00000000d5580000)
  object space 68608K, 25% used [0x0000000080000000,0x0000000081114f70,0x0000000084300000)
 Metaspace       used 32274K, committed 33216K, reserved 1114112K
  class space    used 3244K, committed 3648K, reserved 1048576K
}
Event: 11.097 GC heap after
{Heap after GC invocations=13 (full 1):
 PSYoungGen      total 23040K, used 992K [0x00000000d5580000, 0x00000000d7400000, 0x0000000100000000)
  eden space 22016K, 0% used [0x00000000d5580000,0x00000000d5580000,0x00000000d6b00000)
  from space 1024K, 96% used [0x00000000d7000000,0x00000000d70f8010,0x00000000d7100000)
  to   space 4608K, 0% used [0x00000000d6b00000,0x00000000d6b00000,0x00000000d6f80000)
 ParOldGen       total 68608K, used 20448K [0x0000000080000000, 0x0000000084300000, 0x00000000d5580000)
  object space 68608K, 29% used [0x0000000080000000,0x00000000813f8308,0x0000000084300000)
 Metaspace       used 32274K, committed 33216K, reserved 1114112K
  class space    used 3244K, committed 3648K, reserved 1048576K
}
Event: 11.230 GC heap before
{Heap before GC invocations=14 (full 1):
 PSYoungGen      total 23040K, used 23008K [0x00000000d5580000, 0x00000000d7400000, 0x0000000100000000)
  eden space 22016K, 100% used [0x00000000d5580000,0x00000000d6b00000,0x00000000d6b00000)
  from space 1024K, 96% used [0x00000000d7000000,0x00000000d70f8010,0x00000000d7100000)
  to   space 4608K, 0% used [0x00000000d6b00000,0x00000000d6b00000,0x00000000d6f80000)
 ParOldGen       total 68608K, used 20448K [0x0000000080000000, 0x0000000084300000, 0x00000000d5580000)
  object space 68608K, 29% used [0x0000000080000000,0x00000000813f8308,0x0000000084300000)
 Metaspace       used 32659K, committed 33600K, reserved 1114112K
  class space    used 3315K, committed 3712K, reserved 1048576K
}
Event: 11.233 GC heap after
{Heap after GC invocations=14 (full 1):
 PSYoungGen      total 24576K, used 2530K [0x00000000d5580000, 0x00000000d7100000, 0x0000000100000000)
  eden space 22016K, 0% used [0x00000000d5580000,0x00000000d5580000,0x00000000d6b00000)
  from space 2560K, 98% used [0x00000000d6b00000,0x00000000d6d78860,0x00000000d6d80000)
  to   space 3072K, 0% used [0x00000000d6e00000,0x00000000d6e00000,0x00000000d7100000)
 ParOldGen       total 68608K, used 21384K [0x0000000080000000, 0x0000000084300000, 0x00000000d5580000)
  object space 68608K, 31% used [0x0000000080000000,0x00000000814e2308,0x0000000084300000)
 Metaspace       used 32659K, committed 33600K, reserved 1114112K
  class space    used 3315K, committed 3712K, reserved 1048576K
}
Event: 11.304 GC heap before
{Heap before GC invocations=15 (full 1):
 PSYoungGen      total 24576K, used 24546K [0x00000000d5580000, 0x00000000d7100000, 0x0000000100000000)
  eden space 22016K, 100% used [0x00000000d5580000,0x00000000d6b00000,0x00000000d6b00000)
  from space 2560K, 98% used [0x00000000d6b00000,0x00000000d6d78860,0x00000000d6d80000)
  to   space 3072K, 0% used [0x00000000d6e00000,0x00000000d6e00000,0x00000000d7100000)
 ParOldGen       total 68608K, used 21384K [0x0000000080000000, 0x0000000084300000, 0x00000000d5580000)
  object space 68608K, 31% used [0x0000000080000000,0x00000000814e2308,0x0000000084300000)
 Metaspace       used 32683K, committed 33664K, reserved 1114112K
  class space    used 3316K, committed 3712K, reserved 1048576K
}
Event: 11.310 GC heap after
{Heap after GC invocations=15 (full 1):
 PSYoungGen      total 24576K, used 2208K [0x00000000d5580000, 0x00000000d7080000, 0x0000000100000000)
  eden space 22016K, 0% used [0x00000000d5580000,0x00000000d5580000,0x00000000d6b00000)
  from space 2560K, 86% used [0x00000000d6e00000,0x00000000d7028000,0x00000000d7080000)
  to   space 2560K, 0% used [0x00000000d6b00000,0x00000000d6b00000,0x00000000d6d80000)
 ParOldGen       total 68608K, used 23735K [0x0000000080000000, 0x0000000084300000, 0x00000000d5580000)
  object space 68608K, 34% used [0x0000000080000000,0x000000008172dee0,0x0000000084300000)
 Metaspace       used 32683K, committed 33664K, reserved 1114112K
  class space    used 3316K, committed 3712K, reserved 1048576K
}
Event: 11.370 GC heap before
{Heap before GC invocations=16 (full 1):
 PSYoungGen      total 24576K, used 24224K [0x00000000d5580000, 0x00000000d7080000, 0x0000000100000000)
  eden space 22016K, 100% used [0x00000000d5580000,0x00000000d6b00000,0x00000000d6b00000)
  from space 2560K, 86% used [0x00000000d6e00000,0x00000000d7028000,0x00000000d7080000)
  to   space 2560K, 0% used [0x00000000d6b00000,0x00000000d6b00000,0x00000000d6d80000)
 ParOldGen       total 68608K, used 23735K [0x0000000080000000, 0x0000000084300000, 0x00000000d5580000)
  object space 68608K, 34% used [0x0000000080000000,0x000000008172dee0,0x0000000084300000)
 Metaspace       used 32698K, committed 33664K, reserved 1114112K
  class space    used 3316K, committed 3712K, reserved 1048576K
}
Event: 11.373 GC heap after
{Heap after GC invocations=16 (full 1):
 PSYoungGen      total 24576K, used 2308K [0x00000000d5580000, 0x00000000d7000000, 0x0000000100000000)
  eden space 22016K, 0% used [0x00000000d5580000,0x00000000d5580000,0x00000000d6b00000)
  from space 2560K, 90% used [0x00000000d6b00000,0x00000000d6d41000,0x00000000d6d80000)
  to   space 2560K, 0% used [0x00000000d6d80000,0x00000000d6d80000,0x00000000d7000000)
 ParOldGen       total 68608K, used 25748K [0x0000000080000000, 0x0000000084300000, 0x00000000d5580000)
  object space 68608K, 37% used [0x0000000080000000,0x0000000081925240,0x0000000084300000)
 Metaspace       used 32698K, committed 33664K, reserved 1114112K
  class space    used 3316K, committed 3712K, reserved 1048576K
}
Event: 11.438 GC heap before
{Heap before GC invocations=17 (full 1):
 PSYoungGen      total 24576K, used 24324K [0x00000000d5580000, 0x00000000d7000000, 0x0000000100000000)
  eden space 22016K, 100% used [0x00000000d5580000,0x00000000d6b00000,0x00000000d6b00000)
  from space 2560K, 90% used [0x00000000d6b00000,0x00000000d6d41000,0x00000000d6d80000)
  to   space 2560K, 0% used [0x00000000d6d80000,0x00000000d6d80000,0x00000000d7000000)
 ParOldGen       total 68608K, used 25748K [0x0000000080000000, 0x0000000084300000, 0x00000000d5580000)
  object space 68608K, 37% used [0x0000000080000000,0x0000000081925240,0x0000000084300000)
 Metaspace       used 32797K, committed 33792K, reserved 1114112K
  class space    used 3318K, committed 3712K, reserved 1048576K
}
Event: 11.441 GC heap after
{Heap after GC invocations=17 (full 1):
 PSYoungGen      total 24576K, used 2208K [0x00000000d5580000, 0x00000000d7000000, 0x0000000100000000)
  eden space 22016K, 0% used [0x00000000d5580000,0x00000000d5580000,0x00000000d6b00000)
  from space 2560K, 86% used [0x00000000d6d80000,0x00000000d6fa8010,0x00000000d7000000)
  to   space 2560K, 0% used [0x00000000d6b00000,0x00000000d6b00000,0x00000000d6d80000)
 ParOldGen       total 68608K, used 27914K [0x0000000080000000, 0x0000000084300000, 0x00000000d5580000)
  object space 68608K, 40% used [0x0000000080000000,0x0000000081b42868,0x0000000084300000)
 Metaspace       used 32797K, committed 33792K, reserved 1114112K
  class space    used 3318K, committed 3712K, reserved 1048576K
}
Event: 11.497 GC heap before
{Heap before GC invocations=18 (full 1):
 PSYoungGen      total 24576K, used 24224K [0x00000000d5580000, 0x00000000d7000000, 0x0000000100000000)
  eden space 22016K, 100% used [0x00000000d5580000,0x00000000d6b00000,0x00000000d6b00000)
  from space 2560K, 86% used [0x00000000d6d80000,0x00000000d6fa8010,0x00000000d7000000)
  to   space 2560K, 0% used [0x00000000d6b00000,0x00000000d6b00000,0x00000000d6d80000)
 ParOldGen       total 68608K, used 27914K [0x0000000080000000, 0x0000000084300000, 0x00000000d5580000)
  object space 68608K, 40% used [0x0000000080000000,0x0000000081b42868,0x0000000084300000)
 Metaspace       used 32858K, committed 33792K, reserved 1114112K
  class space    used 3318K, committed 3712K, reserved 1048576K
}
Event: 11.500 GC heap after
{Heap after GC invocations=18 (full 1):
 PSYoungGen      total 24576K, used 2048K [0x00000000d5580000, 0x00000000d7000000, 0x0000000100000000)
  eden space 22016K, 0% used [0x00000000d5580000,0x00000000d5580000,0x00000000d6b00000)
  from space 2560K, 80% used [0x00000000d6b00000,0x00000000d6d00000,0x00000000d6d80000)
  to   space 2560K, 0% used [0x00000000d6d80000,0x00000000d6d80000,0x00000000d7000000)
 ParOldGen       total 68608K, used 30018K [0x0000000080000000, 0x0000000084300000, 0x00000000d5580000)
  object space 68608K, 43% used [0x0000000080000000,0x0000000081d50878,0x0000000084300000)
 Metaspace       used 32858K, committed 33792K, reserved 1114112K
  class space    used 3318K, committed 3712K, reserved 1048576K
}
Event: 11.863 GC heap before
{Heap before GC invocations=19 (full 1):
 PSYoungGen      total 24576K, used 18200K [0x00000000d5580000, 0x00000000d7000000, 0x0000000100000000)
  eden space 22016K, 73% used [0x00000000d5580000,0x00000000d6546160,0x00000000d6b00000)
  from space 2560K, 80% used [0x00000000d6b00000,0x00000000d6d00000,0x00000000d6d80000)
  to   space 2560K, 0% used [0x00000000d6d80000,0x00000000d6d80000,0x00000000d7000000)
 ParOldGen       total 68608K, used 30018K [0x0000000080000000, 0x0000000084300000, 0x00000000d5580000)
  object space 68608K, 43% used [0x0000000080000000,0x0000000081d50878,0x0000000084300000)
 Metaspace       used 34908K, committed 35840K, reserved 1114112K
  class space    used 3555K, committed 3968K, reserved 1048576K
}
Event: 11.866 GC heap after
{Heap after GC invocations=19 (full 1):
 PSYoungGen      total 23552K, used 1035K [0x00000000d5580000, 0x00000000d6f00000, 0x0000000100000000)
  eden space 22016K, 0% used [0x00000000d5580000,0x00000000d5580000,0x00000000d6b00000)
  from space 1536K, 67% used [0x00000000d6d80000,0x00000000d6e82e58,0x00000000d6f00000)
  to   space 1536K, 0% used [0x00000000d6c00000,0x00000000d6c00000,0x00000000d6d80000)
 ParOldGen       total 68608K, used 31930K [0x0000000080000000, 0x0000000084300000, 0x00000000d5580000)
  object space 68608K, 46% used [0x0000000080000000,0x0000000081f2ea78,0x0000000084300000)
 Metaspace       used 34908K, committed 35840K, reserved 1114112K
  class space    used 3555K, committed 3968K, reserved 1048576K
}
Event: 11.866 GC heap before
{Heap before GC invocations=20 (full 2):
 PSYoungGen      total 23552K, used 1035K [0x00000000d5580000, 0x00000000d6f00000, 0x0000000100000000)
  eden space 22016K, 0% used [0x00000000d5580000,0x00000000d5580000,0x00000000d6b00000)
  from space 1536K, 67% used [0x00000000d6d80000,0x00000000d6e82e58,0x00000000d6f00000)
  to   space 1536K, 0% used [0x00000000d6c00000,0x00000000d6c00000,0x00000000d6d80000)
 ParOldGen       total 68608K, used 31930K [0x0000000080000000, 0x0000000084300000, 0x00000000d5580000)
  object space 68608K, 46% used [0x0000000080000000,0x0000000081f2ea78,0x0000000084300000)
 Metaspace       used 34908K, committed 35840K, reserved 1114112K
  class space    used 3555K, committed 3968K, reserved 1048576K
}
Event: 11.909 GC heap after
{Heap after GC invocations=20 (full 2):
 PSYoungGen      total 23552K, used 0K [0x00000000d5580000, 0x00000000d6f00000, 0x0000000100000000)
  eden space 22016K, 0% used [0x00000000d5580000,0x00000000d5580000,0x00000000d6b00000)
  from space 1536K, 0% used [0x00000000d6d80000,0x00000000d6d80000,0x00000000d6f00000)
  to   space 1536K, 0% used [0x00000000d6c00000,0x00000000d6c00000,0x00000000d6d80000)
 ParOldGen       total 68608K, used 31252K [0x0000000080000000, 0x0000000084300000, 0x00000000d5580000)
  object space 68608K, 45% used [0x0000000080000000,0x0000000081e85078,0x0000000084300000)
 Metaspace       used 34862K, committed 35840K, reserved 1114112K
  class space    used 3541K, committed 3968K, reserved 1048576K
}
Event: 12.272 GC heap before
{Heap before GC invocations=21 (full 2):
 PSYoungGen      total 23552K, used 21970K [0x00000000d5580000, 0x00000000d6f00000, 0x0000000100000000)
  eden space 22016K, 99% used [0x00000000d5580000,0x00000000d6af4a08,0x00000000d6b00000)
  from space 1536K, 0% used [0x00000000d6d80000,0x00000000d6d80000,0x00000000d6f00000)
  to   space 1536K, 0% used [0x00000000d6c00000,0x00000000d6c00000,0x00000000d6d80000)
 ParOldGen       total 68608K, used 31252K [0x0000000080000000, 0x0000000084300000, 0x00000000d5580000)
  object space 68608K, 45% used [0x0000000080000000,0x0000000081e85078,0x0000000084300000)
 Metaspace       used 35976K, committed 36928K, reserved 1114112K
  class space    used 3678K, committed 4096K, reserved 1048576K
}
Event: 12.273 GC heap after
{Heap after GC invocations=21 (full 2):
 PSYoungGen      total 22528K, used 480K [0x00000000d5580000, 0x00000000d6e00000, 0x0000000100000000)
  eden space 22016K, 0% used [0x00000000d5580000,0x00000000d5580000,0x00000000d6b00000)
  from space 512K, 93% used [0x00000000d6c00000,0x00000000d6c78000,0x00000000d6c80000)
  to   space 1024K, 0% used [0x00000000d6d00000,0x00000000d6d00000,0x00000000d6e00000)
 ParOldGen       total 68608K, used 31260K [0x0000000080000000, 0x0000000084300000, 0x00000000d5580000)
  object space 68608K, 45% used [0x0000000080000000,0x0000000081e87078,0x0000000084300000)
 Metaspace       used 35976K, committed 36928K, reserved 1114112K
  class space    used 3678K, committed 4096K, reserved 1048576K
}

Dll operation events (10 events):
Event: 0.011 Loaded shared library c:\Users\neth\.vscode\extensions\redhat.java-1.55.0-win32-x64\jre\21.0.11-win32-x86_64\bin\java.dll
Event: 0.079 Loaded shared library c:\Users\neth\.vscode\extensions\redhat.java-1.55.0-win32-x64\jre\21.0.11-win32-x86_64\bin\zip.dll
Event: 0.100 Loaded shared library C:\Users\neth\.vscode\extensions\redhat.java-1.55.0-win32-x64\jre\21.0.11-win32-x86_64\bin\instrument.dll
Event: 0.105 Loaded shared library C:\Users\neth\.vscode\extensions\redhat.java-1.55.0-win32-x64\jre\21.0.11-win32-x86_64\bin\net.dll
Event: 0.107 Loaded shared library C:\Users\neth\.vscode\extensions\redhat.java-1.55.0-win32-x64\jre\21.0.11-win32-x86_64\bin\nio.dll
Event: 0.110 Loaded shared library C:\Users\neth\.vscode\extensions\redhat.java-1.55.0-win32-x64\jre\21.0.11-win32-x86_64\bin\zip.dll
Event: 0.125 Loaded shared library C:\Users\neth\.vscode\extensions\redhat.java-1.55.0-win32-x64\jre\21.0.11-win32-x86_64\bin\jimage.dll
Event: 0.216 Loaded shared library c:\Users\neth\.vscode\extensions\redhat.java-1.55.0-win32-x64\jre\21.0.11-win32-x86_64\bin\verify.dll
Event: 1.346 Loaded shared library C:\Users\neth\AppData\Roaming\Code\User\globalStorage\redhat.java\1.55.0\config_ss_win\org.eclipse.equinox.launcher\org.eclipse.equinox.launcher.win32.win32.x86_64_1.3.100.v20260613-0559\eclipse_11924.dll
Event: 2.420 Loaded shared library C:\Users\neth\AppData\Local\Temp\jna-3377771\jna15409736916252892275.dll

Deoptimization events (20 events):
Event: 12.181 Thread 0x0000023720e5f710 DEOPT PACKING pc=0x00000236c43205b9 sp=0x0000008a048fc770
Event: 12.181 Thread 0x0000023720e5f710 DEOPT UNPACKING pc=0x00000236cb7878e2 sp=0x0000008a048fbc70 mode 0
Event: 12.263 Thread 0x0000023720e5f710 DEOPT PACKING pc=0x00000236c43205b9 sp=0x0000008a048fc950
Event: 12.263 Thread 0x0000023720e5f710 DEOPT UNPACKING pc=0x00000236cb7878e2 sp=0x0000008a048fbe50 mode 0
Event: 12.309 Thread 0x0000023720e5f710 Uncommon trap: trap_request=0xffffff45 fr.pc=0x00000236cbd7533c relative=0x0000000000000b7c
Event: 12.309 Thread 0x0000023720e5f710 Uncommon trap: reason=unstable_if action=reinterpret pc=0x00000236cbd7533c method=java.util.TreeMap.put(Ljava/lang/Object;Ljava/lang/Object;Z)Ljava/lang/Object; @ 27 c2
Event: 12.309 Thread 0x0000023720e5f710 DEOPT PACKING pc=0x00000236cbd7533c sp=0x0000008a048fd910
Event: 12.309 Thread 0x0000023720e5f710 DEOPT UNPACKING pc=0x00000236cb786da2 sp=0x0000008a048fd8b0 mode 2
Event: 12.363 Thread 0x0000023720e5f710 Uncommon trap: trap_request=0xffffffc6 fr.pc=0x00000236cbf7bc88 relative=0x0000000000000d68
Event: 12.363 Thread 0x0000023720e5dcd0 Uncommon trap: trap_request=0xffffffc6 fr.pc=0x00000236cbf7bc88 relative=0x0000000000000d68
Event: 12.363 Thread 0x0000023720e5f710 Uncommon trap: reason=bimorphic_or_optimized_type_check action=maybe_recompile pc=0x00000236cbf7bc88 method=java.util.concurrent.ConcurrentHashMap.putVal(Ljava/lang/Object;Ljava/lang/Object;Z)Ljava/lang/Object; @ 159 c2
Event: 12.363 Thread 0x0000023720e5dcd0 Uncommon trap: reason=bimorphic_or_optimized_type_check action=maybe_recompile pc=0x00000236cbf7bc88 method=java.util.concurrent.ConcurrentHashMap.putVal(Ljava/lang/Object;Ljava/lang/Object;Z)Ljava/lang/Object; @ 159 c2
Event: 12.363 Thread 0x0000023720e5f710 DEOPT PACKING pc=0x00000236cbf7bc88 sp=0x0000008a048fdd90
Event: 12.363 Thread 0x0000023720e5dcd0 DEOPT PACKING pc=0x00000236cbf7bc88 sp=0x0000008a05cfd810
Event: 12.363 Thread 0x0000023720e5dcd0 DEOPT UNPACKING pc=0x00000236cb786da2 sp=0x0000008a05cfd7a0 mode 2
Event: 12.363 Thread 0x0000023720e5f710 DEOPT UNPACKING pc=0x00000236cb786da2 sp=0x0000008a048fdd20 mode 2
Event: 12.363 Thread 0x0000023720e5c290 Uncommon trap: trap_request=0xffffffc6 fr.pc=0x00000236cbf7bc88 relative=0x0000000000000d68
Event: 12.363 Thread 0x0000023720e5c290 Uncommon trap: reason=bimorphic_or_optimized_type_check action=maybe_recompile pc=0x00000236cbf7bc88 method=java.util.concurrent.ConcurrentHashMap.putVal(Ljava/lang/Object;Ljava/lang/Object;Z)Ljava/lang/Object; @ 159 c2
Event: 12.364 Thread 0x0000023720e5c290 DEOPT PACKING pc=0x00000236cbf7bc88 sp=0x0000008a049fd9f0
Event: 12.364 Thread 0x0000023720e5c290 DEOPT UNPACKING pc=0x00000236cb786da2 sp=0x0000008a049fd980 mode 2

Classes loaded (20 events):
Event: 11.108 Loading class java/lang/invoke/MethodHandleImpl$CountingWrapper
Event: 11.108 Loading class java/lang/invoke/MethodHandleImpl$CountingWrapper done
Event: 11.124 Loading class java/util/AbstractList$ListItr
Event: 11.124 Loading class java/util/AbstractList$ListItr done
Event: 11.134 Loading class java/nio/channels/Channels$ReadableByteChannelImpl
Event: 11.134 Loading class java/nio/channels/Channels$ReadableByteChannelImpl done
Event: 11.135 Loading class java/nio/channels/NonWritableChannelException
Event: 11.135 Loading class java/nio/channels/NonWritableChannelException done
Event: 11.379 Loading class java/lang/invoke/MethodHandleImpl$CountingWrapper$1
Event: 11.379 Loading class java/lang/invoke/MethodHandleImpl$CountingWrapper$1 done
Event: 11.602 Loading class java/lang/ExceptionInInitializerError
Event: 11.602 Loading class java/lang/ExceptionInInitializerError done
Event: 11.790 Loading class sun/misc/Unsafe
Event: 11.790 Loading class sun/misc/Unsafe done
Event: 12.114 Loading class java/util/Vector$1
Event: 12.114 Loading class java/util/Vector$1 done
Event: 12.348 Loading class java/util/regex/Pattern$Caret
Event: 12.348 Loading class java/util/regex/Pattern$Caret done
Event: 12.463 Loading class java/util/Hashtable$ValueCollection
Event: 12.463 Loading class java/util/Hashtable$ValueCollection done

Classes unloaded (20 events):
Event: 11.875 Thread 0x00000236c0f94510 Unloading class 0x00000236d9398c00 'java/lang/invoke/LambdaForm$MH+0x00000236d9398c00'
Event: 11.875 Thread 0x00000236c0f94510 Unloading class 0x00000236d9398800 'java/lang/invoke/LambdaForm$MH+0x00000236d9398800'
Event: 11.875 Thread 0x00000236c0f94510 Unloading class 0x00000236d9398000 'java/lang/invoke/LambdaForm$MH+0x00000236d9398000'
Event: 11.875 Thread 0x00000236c0f94510 Unloading class 0x00000236d9397800 'java/lang/invoke/LambdaForm$DMH+0x00000236d9397800'
Event: 11.875 Thread 0x00000236c0f94510 Unloading class 0x00000236d9396c00 'java/lang/invoke/LambdaForm$MH+0x00000236d9396c00'
Event: 11.875 Thread 0x00000236c0f94510 Unloading class 0x00000236d9396400 'java/lang/invoke/LambdaForm$MH+0x00000236d9396400'
Event: 11.875 Thread 0x00000236c0f94510 Unloading class 0x00000236d9396000 'java/lang/invoke/LambdaForm$MH+0x00000236d9396000'
Event: 11.875 Thread 0x00000236c0f94510 Unloading class 0x00000236d9395400 'java/lang/invoke/LambdaForm$MH+0x00000236d9395400'
Event: 11.875 Thread 0x00000236c0f94510 Unloading class 0x00000236d9394c00 'java/lang/invoke/LambdaForm$MH+0x00000236d9394c00'
Event: 11.875 Thread 0x00000236c0f94510 Unloading class 0x00000236d9394400 'java/lang/invoke/LambdaForm$MH+0x00000236d9394400'
Event: 11.875 Thread 0x00000236c0f94510 Unloading class 0x00000236d9394000 'java/lang/invoke/LambdaForm$DMH+0x00000236d9394000'
Event: 11.875 Thread 0x00000236c0f94510 Unloading class 0x00000236d9393400 'java/lang/invoke/LambdaForm$MH+0x00000236d9393400'
Event: 11.875 Thread 0x00000236c0f94510 Unloading class 0x00000236d9390000 'java/lang/invoke/LambdaForm$MH+0x00000236d9390000'
Event: 11.875 Thread 0x00000236c0f94510 Unloading class 0x00000236d938f000 'java/lang/invoke/LambdaForm$MH+0x00000236d938f000'
Event: 11.875 Thread 0x00000236c0f94510 Unloading class 0x00000236d938e800 'java/lang/invoke/LambdaForm$MH+0x00000236d938e800'
Event: 11.875 Thread 0x00000236c0f94510 Unloading class 0x00000236d938e400 'java/lang/invoke/LambdaForm$MH+0x00000236d938e400'
Event: 11.875 Thread 0x00000236c0f94510 Unloading class 0x00000236d938d800 'java/lang/invoke/LambdaForm$MH+0x00000236d938d800'
Event: 11.875 Thread 0x00000236c0f94510 Unloading class 0x00000236d938d000 'java/lang/invoke/LambdaForm$MH+0x00000236d938d000'
Event: 11.875 Thread 0x00000236c0f94510 Unloading class 0x00000236d938cc00 'java/lang/invoke/LambdaForm$MH+0x00000236d938cc00'
Event: 11.875 Thread 0x00000236c0f94510 Unloading class 0x00000236d938c400 'java/lang/invoke/LambdaForm$DMH+0x00000236d938c400'

Classes redefined (0 events):
No events

Internal exceptions (20 events):
Event: 11.927 Thread 0x0000023720e5f710 Exception <a 'java/lang/NoClassDefFoundError'{0x00000000d5678af8}: org/eclipse/jdt/core/dom/Name> (0x00000000d5678af8) 
thrown [s\src\hotspot\share\classfile\systemDictionary.cpp, line 302]
Event: 11.927 Thread 0x0000023720e5f710 Exception <a 'java/lang/NullPointerException'{0x00000000d5679098}> (0x00000000d5679098) 
thrown [s\src\hotspot\share\interpreter\linkResolver.cpp, line 1372]
Event: 11.927 Thread 0x0000023720e5c290 Exception <a 'java/lang/NullPointerException'{0x00000000d55e8c30}> (0x00000000d55e8c30) 
thrown [s\src\hotspot\share\interpreter\linkResolver.cpp, line 1372]
Event: 11.927 Thread 0x0000023720e5dcd0 Exception <a 'java/lang/NullPointerException'{0x00000000d559e140}> (0x00000000d559e140) 
thrown [s\src\hotspot\share\interpreter\linkResolver.cpp, line 1372]
Event: 11.932 Thread 0x0000023720e5c290 Exception <a 'java/lang/NullPointerException'{0x00000000d56c1a80}> (0x00000000d56c1a80) 
thrown [s\src\hotspot\share\interpreter\linkResolver.cpp, line 1372]
Event: 11.932 Thread 0x0000023720e5dcd0 Exception <a 'java/lang/NullPointerException'{0x00000000d55a00d0}> (0x00000000d55a00d0) 
thrown [s\src\hotspot\share\interpreter\linkResolver.cpp, line 1372]
Event: 11.932 Thread 0x0000023720e5f710 Exception <a 'java/lang/NullPointerException'{0x00000000d567bb20}> (0x00000000d567bb20) 
thrown [s\src\hotspot\share\interpreter\linkResolver.cpp, line 1372]
Event: 11.933 Thread 0x0000023720e5c290 Exception <a 'java/lang/NullPointerException'{0x00000000d56c21b0}> (0x00000000d56c21b0) 
thrown [s\src\hotspot\share\interpreter\linkResolver.cpp, line 1372]
Event: 11.933 Thread 0x0000023720e5f710 Exception <a 'java/lang/NullPointerException'{0x00000000d567c250}> (0x00000000d567c250) 
thrown [s\src\hotspot\share\interpreter\linkResolver.cpp, line 1372]
Event: 11.933 Thread 0x0000023720e5dcd0 Exception <a 'java/lang/NullPointerException'{0x00000000d55a0ab0}> (0x00000000d55a0ab0) 
thrown [s\src\hotspot\share\interpreter\linkResolver.cpp, line 1372]
Event: 11.933 Thread 0x0000023720e5c290 Exception <a 'java/lang/NullPointerException'{0x00000000d56c2788}> (0x00000000d56c2788) 
thrown [s\src\hotspot\share\interpreter\linkResolver.cpp, line 1372]
Event: 11.933 Thread 0x0000023720e5dcd0 Exception <a 'java/lang/NullPointerException'{0x00000000d55a1338}> (0x00000000d55a1338) 
thrown [s\src\hotspot\share\interpreter\linkResolver.cpp, line 1372]
Event: 11.933 Thread 0x0000023720e5f710 Exception <a 'java/lang/NullPointerException'{0x00000000d567c828}> (0x00000000d567c828) 
thrown [s\src\hotspot\share\interpreter\linkResolver.cpp, line 1372]
Event: 11.944 Thread 0x0000023720e5c290 Exception <a 'java/lang/LinkageError'{0x00000000d57400b8}: loader lombok.launch.ShadowClassLoader @f342d5a attempted duplicate class definition for lombok.launch.PatchFixesHider$Transform. (lombok.launch.PatchFixesHider$Transform is in unnamed module of loader lombok.launch.ShadowClassLoader @f342d5a, parent loader org.eclipse.osgi.internal.loader.EquinoxClassLoader @1478577a)> (0x00000000d57400b8) 
thrown [s\src\hotspot\share\classfile\systemDictionary.cpp, line 1673]
Event: 11.945 Thread 0x0000023720e5dcd0 Exception <a 'java/lang/LinkageError'{0x00000000d56e7410}: loader lombok.launch.ShadowClassLoader @f342d5a attempted duplicate class definition for lombok.launch.PatchFixesHider$Transform. (lombok.launch.PatchFixesHider$Transform is in unnamed module of loader lombok.launch.ShadowClassLoader @f342d5a, parent loader org.eclipse.osgi.internal.loader.EquinoxClassLoader @1478577a)> (0x00000000d56e7410) 
thrown [s\src\hotspot\share\classfile\systemDictionary.cpp, line 1673]
Event: 12.309 Thread 0x0000023720e5f710 Implicit null exception at 0x00000236cbd7481d to 0x00000236cbd75318
Event: 12.433 Thread 0x0000023720e5dcd0 Exception <a 'java/lang/LinkageError'{0x00000000d6048e68}: loader lombok.launch.ShadowClassLoader @7a167dc0 attempted duplicate class definition for lombok.launch.PatchFixesHider$FieldInitializer. (lombok.launch.PatchFixesHider$FieldInitializer is in unnamed module of loader lombok.launch.ShadowClassLoader @7a167dc0, parent loader org.eclipse.osgi.internal.loader.EquinoxClassLoader @fde92b9)> (0x00000000d6048e68) 
thrown [s\src\hotspot\share\classfile\systemDictionary.cpp, line 1673]
Event: 12.435 Thread 0x0000023720e5f710 Exception <a 'java/lang/LinkageError'{0x00000000d5fd8cd0}: loader lombok.launch.ShadowClassLoader @7a167dc0 attempted duplicate class definition for lombok.launch.PatchFixesHider$FieldInitializer. (lombok.launch.PatchFixesHider$FieldInitializer is in unnamed module of loader lombok.launch.ShadowClassLoader @7a167dc0, parent loader org.eclipse.osgi.internal.loader.EquinoxClassLoader @fde92b9)> (0x00000000d5fd8cd0) 
thrown [s\src\hotspot\share\classfile\systemDictionary.cpp, line 1673]
Event: 12.469 Thread 0x0000023720e5f710 Exception <a 'java/lang/NoSuchMethodError'{0x00000000d61d2fc0}: 'java.lang.Object java.lang.invoke.DirectMethodHandle$Holder.invokeSpecial(java.lang.Object, java.lang.Object, java.lang.Object, java.lang.Object, int, java.lang.Object, java.lang.Object)'> (0x00000000d61d2fc0) 
thrown [s\src\hotspot\share\interpreter\linkResolver.cpp, line 773]
Event: 12.469 Thread 0x0000023720e5c290 Exception <a 'java/lang/NoSuchMethodError'{0x00000000d6219368}: 'java.lang.Object java.lang.invoke.DirectMethodHandle$Holder.invokeSpecial(java.lang.Object, java.lang.Object, java.lang.Object, java.lang.Object, int, java.lang.Object, java.lang.Object)'> (0x00000000d6219368) 
thrown [s\src\hotspot\share\interpreter\linkResolver.cpp, line 773]

ZGC Phase Switch (0 events):
No events

VM Operations (20 events):
Event: 11.009 Executing safepoint VM operation: ParallelGCFailedAllocation (Allocation Failure)
Event: 11.012 Executing safepoint VM operation: ParallelGCFailedAllocation (Allocation Failure) done
Event: 11.093 Executing safepoint VM operation: ParallelGCFailedAllocation (Allocation Failure)
Event: 11.097 Executing safepoint VM operation: ParallelGCFailedAllocation (Allocation Failure) done
Event: 11.230 Executing safepoint VM operation: ParallelGCFailedAllocation (Allocation Failure)
Event: 11.233 Executing safepoint VM operation: ParallelGCFailedAllocation (Allocation Failure) done
Event: 11.304 Executing safepoint VM operation: ParallelGCFailedAllocation (Allocation Failure)
Event: 11.310 Executing safepoint VM operation: ParallelGCFailedAllocation (Allocation Failure) done
Event: 11.370 Executing safepoint VM operation: ParallelGCFailedAllocation (Allocation Failure)
Event: 11.373 Executing safepoint VM operation: ParallelGCFailedAllocation (Allocation Failure) done
Event: 11.438 Executing safepoint VM operation: ParallelGCFailedAllocation (Allocation Failure)
Event: 11.441 Executing safepoint VM operation: ParallelGCFailedAllocation (Allocation Failure) done
Event: 11.497 Executing safepoint VM operation: ParallelGCFailedAllocation (Allocation Failure)
Event: 11.501 Executing safepoint VM operation: ParallelGCFailedAllocation (Allocation Failure) done
Event: 11.811 Executing non-safepoint VM operation: HandshakeAllThreads (Deoptimize)
Event: 11.811 Executing non-safepoint VM operation: HandshakeAllThreads (Deoptimize) done
Event: 11.863 Executing safepoint VM operation: CollectForMetadataAllocation (Metadata GC Threshold)
Event: 11.909 Executing safepoint VM operation: CollectForMetadataAllocation (Metadata GC Threshold) done
Event: 12.272 Executing safepoint VM operation: ParallelGCFailedAllocation (Allocation Failure)
Event: 12.273 Executing safepoint VM operation: ParallelGCFailedAllocation (Allocation Failure) done

Memory protections (0 events):
No events

Nmethod flushes (20 events):
Event: 11.883 Thread 0x00000236c0f94510 flushing  nmethod 0x00000236c466e590
Event: 11.883 Thread 0x00000236c0f94510 flushing  nmethod 0x00000236c466fd90
Event: 11.883 Thread 0x00000236c0f94510 flushing  nmethod 0x00000236c4670110
Event: 11.883 Thread 0x00000236c0f94510 flushing  nmethod 0x00000236c4672c10
Event: 11.883 Thread 0x00000236c0f94510 flushing  nmethod 0x00000236c4673010
Event: 11.883 Thread 0x00000236c0f94510 flushing  nmethod 0x00000236c4674890
Event: 11.883 Thread 0x00000236c0f94510 flushing  nmethod 0x00000236c4676a90
Event: 11.883 Thread 0x00000236c0f94510 flushing  nmethod 0x00000236c4676e10
Event: 11.883 Thread 0x00000236c0f94510 flushing  nmethod 0x00000236c4677610
Event: 11.883 Thread 0x00000236c0f94510 flushing  nmethod 0x00000236c4677d90
Event: 11.883 Thread 0x00000236c0f94510 flushing  nmethod 0x00000236c468bb10
Event: 11.883 Thread 0x00000236c0f94510 flushing  nmethod 0x00000236c468e810
Event: 11.883 Thread 0x00000236c0f94510 flushing  nmethod 0x00000236c4690f90
Event: 11.883 Thread 0x00000236c0f94510 flushing  nmethod 0x00000236c46a3f10
Event: 11.883 Thread 0x00000236c0f94510 flushing  nmethod 0x00000236c4712510
Event: 11.883 Thread 0x00000236c0f94510 flushing  nmethod 0x00000236c4712d90
Event: 11.883 Thread 0x00000236c0f94510 flushing  nmethod 0x00000236c4713190
Event: 11.883 Thread 0x00000236c0f94510 flushing  nmethod 0x00000236c4713b10
Event: 11.883 Thread 0x00000236c0f94510 flushing  nmethod 0x00000236c4720f90
Event: 11.883 Thread 0x00000236c0f94510 flushing  nmethod 0x00000236c4727f90

Events (20 events):
Event: 3.625 Thread 0x00000236c0ffec50 Thread added: 0x00000237203bbf70
Event: 3.625 Thread 0x00000236c0ffec50 Thread added: 0x0000023720e5c920
Event: 3.626 Thread 0x00000236c0ffec50 Thread added: 0x0000023720e5aee0
Event: 3.626 Thread 0x00000236c0ffec50 Thread added: 0x0000023720e5e9f0
Event: 3.626 Thread 0x00000236c0ffec50 Thread added: 0x0000023720e5cfb0
Event: 3.626 Thread 0x00000236c0ffec50 Thread added: 0x0000023720e5d640
Event: 3.645 Thread 0x00000236c0ffec50 Thread added: 0x0000023720e5b570
Event: 3.870 Thread 0x00000236c0ffec50 Thread added: 0x0000023720e5bc00
Event: 3.870 Thread 0x00000236c0ffec50 Thread added: 0x0000023720e5dcd0
Event: 3.885 Thread 0x000002371fdcea20 Thread added: 0x0000023720e5e360
Event: 3.886 Thread 0x0000023720e5e360 Thread added: 0x0000023720e5f080
Event: 5.558 Thread 0x0000023719df86d0 Thread exited: 0x0000023719df86d0
Event: 5.558 Thread 0x0000023719df9470 Thread exited: 0x0000023719df9470
Event: 7.998 Thread 0x0000023719dfb680 Thread added: 0x0000023719df9b40
Event: 10.511 Thread 0x0000023719df9b40 Thread exited: 0x0000023719df9b40
Event: 10.662 Thread 0x0000023720e5dcd0 Thread added: 0x0000023720e5f710
Event: 10.883 Thread 0x0000023720e5dcd0 Thread added: 0x0000023720e5c290
Event: 10.986 Thread 0x00000236c10bcae0 Thread added: 0x0000023719dfa8e0
Event: 11.033 Thread 0x00000236c10bcae0 Thread added: 0x0000023719df9b40
Event: 12.407 Thread 0x0000023719df9b40 Thread exited: 0x0000023719df9b40


Dynamic libraries:
0x00007ff78c610000 - 0x00007ff78c61e000 	c:\Users\neth\.vscode\extensions\redhat.java-1.55.0-win32-x64\jre\21.0.11-win32-x86_64\bin\java.exe
0x00007ff8c2e40000 - 0x00007ff8c30a6000 	C:\WINDOWS\SYSTEM32\ntdll.dll
0x00007ff8c0f00000 - 0x00007ff8c0fc9000 	C:\WINDOWS\System32\KERNEL32.DLL
0x00007ff8c0060000 - 0x00007ff8c045e000 	C:\WINDOWS\System32\KERNELBASE.dll
0x00007ff8c07e0000 - 0x00007ff8c092c000 	C:\WINDOWS\System32\ucrtbase.dll
0x00007ff8b8bd0000 - 0x00007ff8b8bee000 	c:\Users\neth\.vscode\extensions\redhat.java-1.55.0-win32-x64\jre\21.0.11-win32-x86_64\bin\VCRUNTIME140.dll
0x00007ff8bac60000 - 0x00007ff8bac78000 	c:\Users\neth\.vscode\extensions\redhat.java-1.55.0-win32-x64\jre\21.0.11-win32-x86_64\bin\jli.dll
0x00007ff8c2990000 - 0x00007ff8c2b57000 	C:\WINDOWS\System32\USER32.dll
0x00007ff8a5b20000 - 0x00007ff8a5db2000 	C:\WINDOWS\WinSxS\amd64_microsoft.windows.common-controls_6595b64144ccf1df_6.0.26100.8875_none_3e0d5d42e32fe9dd\COMCTL32.dll
0x00007ff8c0630000 - 0x00007ff8c0657000 	C:\WINDOWS\System32\win32u.dll
0x00007ff8c2730000 - 0x00007ff8c27d9000 	C:\WINDOWS\System32\msvcrt.dll
0x00007ff8c2c90000 - 0x00007ff8c2cbb000 	C:\WINDOWS\System32\GDI32.dll
0x00007ff8c0500000 - 0x00007ff8c062a000 	C:\WINDOWS\System32\gdi32full.dll
0x00007ff8c0940000 - 0x00007ff8c09e3000 	C:\WINDOWS\System32\msvcp_win.dll
0x00007ff8c1a90000 - 0x00007ff8c1ac2000 	C:\WINDOWS\System32\IMM32.DLL
0x00007ff8bac30000 - 0x00007ff8bac3c000 	c:\Users\neth\.vscode\extensions\redhat.java-1.55.0-win32-x64\jre\21.0.11-win32-x86_64\bin\vcruntime140_1.dll
0x00007ff897a30000 - 0x00007ff897abd000 	c:\Users\neth\.vscode\extensions\redhat.java-1.55.0-win32-x64\jre\21.0.11-win32-x86_64\bin\msvcp140.dll
0x00007ff84ac50000 - 0x00007ff84b9f2000 	c:\Users\neth\.vscode\extensions\redhat.java-1.55.0-win32-x64\jre\21.0.11-win32-x86_64\bin\server\jvm.dll
0x00007ff8c2cc0000 - 0x00007ff8c2d77000 	C:\WINDOWS\System32\ADVAPI32.dll
0x00007ff8c1b30000 - 0x00007ff8c1bda000 	C:\WINDOWS\System32\sechost.dll
0x00007ff8c2870000 - 0x00007ff8c2988000 	C:\WINDOWS\System32\RPCRT4.dll
0x00007ff8c0fd0000 - 0x00007ff8c1050000 	C:\WINDOWS\System32\WS2_32.dll
0x00007ff8bfec0000 - 0x00007ff8bff1e000 	C:\WINDOWS\SYSTEM32\POWRPROF.dll
0x00007ff8b8820000 - 0x00007ff8b882b000 	C:\WINDOWS\SYSTEM32\VERSION.dll
0x00007ff8a7d80000 - 0x00007ff8a7db6000 	C:\WINDOWS\SYSTEM32\WINMM.dll
0x00007ff8bfea0000 - 0x00007ff8bfeb4000 	C:\WINDOWS\SYSTEM32\UMPDC.dll
0x00007ff8bed00000 - 0x00007ff8bed1b000 	C:\WINDOWS\SYSTEM32\kernel.appcore.dll
0x00007ff8b9a70000 - 0x00007ff8b9a7a000 	c:\Users\neth\.vscode\extensions\redhat.java-1.55.0-win32-x64\jre\21.0.11-win32-x86_64\bin\jimage.dll
0x00007ff8bd630000 - 0x00007ff8bd872000 	C:\WINDOWS\SYSTEM32\DBGHELP.DLL
0x00007ff8c0b70000 - 0x00007ff8c0ef3000 	C:\WINDOWS\System32\combase.dll
0x00007ff8c2380000 - 0x00007ff8c2459000 	C:\WINDOWS\System32\OLEAUT32.dll
0x00007ff8b9a80000 - 0x00007ff8b9abb000 	C:\WINDOWS\SYSTEM32\dbgcore.DLL
0x00007ff8c0660000 - 0x00007ff8c070c000 	C:\WINDOWS\System32\bcryptPrimitives.dll
0x00007ff8b8cd0000 - 0x00007ff8b8cdf000 	c:\Users\neth\.vscode\extensions\redhat.java-1.55.0-win32-x64\jre\21.0.11-win32-x86_64\bin\instrument.dll
0x00007ff8b8bb0000 - 0x00007ff8b8bd0000 	c:\Users\neth\.vscode\extensions\redhat.java-1.55.0-win32-x64\jre\21.0.11-win32-x86_64\bin\java.dll
0x00007ff8c1be0000 - 0x00007ff8c2372000 	C:\WINDOWS\System32\SHELL32.dll
0x00007ff8bdae0000 - 0x00007ff8be372000 	C:\WINDOWS\SYSTEM32\windows.storage.dll
0x00007ff8c1060000 - 0x00007ff8c1157000 	C:\WINDOWS\System32\SHCORE.dll
0x00007ff8c26b0000 - 0x00007ff8c2717000 	C:\WINDOWS\System32\shlwapi.dll
0x00007ff8bff80000 - 0x00007ff8bffa9000 	C:\WINDOWS\SYSTEM32\profapi.dll
0x00007ff8b5170000 - 0x00007ff8b5188000 	c:\Users\neth\.vscode\extensions\redhat.java-1.55.0-win32-x64\jre\21.0.11-win32-x86_64\bin\zip.dll
0x00007ff8b9a40000 - 0x00007ff8b9a50000 	C:\Users\neth\.vscode\extensions\redhat.java-1.55.0-win32-x64\jre\21.0.11-win32-x86_64\bin\net.dll
0x00007ff8b6e40000 - 0x00007ff8b6f67000 	C:\WINDOWS\SYSTEM32\WINHTTP.dll
0x00007ff8bf290000 - 0x00007ff8bf2fc000 	C:\WINDOWS\system32\mswsock.dll
0x00007ff8b5150000 - 0x00007ff8b5166000 	C:\Users\neth\.vscode\extensions\redhat.java-1.55.0-win32-x64\jre\21.0.11-win32-x86_64\bin\nio.dll
0x00007ff8a9af0000 - 0x00007ff8a9b00000 	c:\Users\neth\.vscode\extensions\redhat.java-1.55.0-win32-x64\jre\21.0.11-win32-x86_64\bin\verify.dll
0x00007ff894f90000 - 0x00007ff894fd5000 	C:\Users\neth\AppData\Roaming\Code\User\globalStorage\redhat.java\1.55.0\config_ss_win\org.eclipse.equinox.launcher\org.eclipse.equinox.launcher.win32.win32.x86_64_1.3.100.v20260613-0559\eclipse_11924.dll
0x00007ff8c15f0000 - 0x00007ff8c1789000 	C:\WINDOWS\System32\ole32.dll
0x00007ff8bf6c0000 - 0x00007ff8bf6db000 	C:\WINDOWS\SYSTEM32\CRYPTSP.dll
0x00007ff8bec60000 - 0x00007ff8bec99000 	C:\WINDOWS\system32\rsaenh.dll
0x00007ff8bf350000 - 0x00007ff8bf382000 	C:\WINDOWS\SYSTEM32\USERENV.dll
0x00007ff8bff50000 - 0x00007ff8bff7a000 	C:\WINDOWS\SYSTEM32\bcrypt.dll
0x00007ff8bf500000 - 0x00007ff8bf50c000 	C:\WINDOWS\SYSTEM32\CRYPTBASE.dll
0x00007ff8be6b0000 - 0x00007ff8be6e3000 	C:\WINDOWS\SYSTEM32\IPHLPAPI.DLL
0x00007ff8c2b60000 - 0x00007ff8c2b6a000 	C:\WINDOWS\System32\NSI.dll
0x00007ff8a2650000 - 0x00007ff8a2699000 	C:\Users\neth\AppData\Local\Temp\jna-3377771\jna15409736916252892275.dll
0x00007ff8c1a30000 - 0x00007ff8c1a38000 	C:\WINDOWS\System32\PSAPI.DLL
0x00007ff8b73f0000 - 0x00007ff8b740d000 	C:\WINDOWS\SYSTEM32\dhcpcsvc6.DLL
0x00007ff8b6db0000 - 0x00007ff8b6dd5000 	C:\WINDOWS\SYSTEM32\dhcpcsvc.DLL

JVMTI agents:
c:\Users\neth\.vscode\extensions\redhat.java-1.55.0-win32-x64\lombok\lombok-1.18.39-4050.jar path:c:\Users\neth\.vscode\extensions\redhat.java-1.55.0-win32-x64\jre\21.0.11-win32-x86_64\bin\instrument.dll, loaded, initialized, instrumentlib options:none

dbghelp: loaded successfully - version: 4.0.5 - missing functions: none
symbol engine: initialized successfully - sym options: 0x614 - pdb path: .;c:\Users\neth\.vscode\extensions\redhat.java-1.55.0-win32-x64\jre\21.0.11-win32-x86_64\bin;C:\WINDOWS\SYSTEM32;C:\WINDOWS\WinSxS\amd64_microsoft.windows.common-controls_6595b64144ccf1df_6.0.26100.8875_none_3e0d5d42e32fe9dd;c:\Users\neth\.vscode\extensions\redhat.java-1.55.0-win32-x64\jre\21.0.11-win32-x86_64\bin\server;C:\Users\neth\AppData\Roaming\Code\User\globalStorage\redhat.java\1.55.0\config_ss_win\org.eclipse.equinox.launcher\org.eclipse.equinox.launcher.win32.win32.x86_64_1.3.100.v20260613-0559;C:\Users\neth\AppData\Local\Temp\jna-3377771

VM Arguments:
jvm_args: --add-modules=ALL-SYSTEM --add-opens=java.base/java.util=ALL-UNNAMED --add-opens=java.base/java.lang=ALL-UNNAMED --add-opens=java.base/sun.nio.fs=ALL-UNNAMED -Declipse.application=org.eclipse.jdt.ls.core.id1 -Dosgi.bundles.defaultStartLevel=4 -Declipse.product=org.eclipse.jdt.ls.core.product -Djava.import.generatesMetadataFilesAtProjectRoot=false -DDetectVMInstallationsJob.disabled=true -Dfile.encoding=utf8 -XX:+UseParallelGC -XX:GCTimeRatio=4 -XX:AdaptiveSizePolicyWeight=90 -Dsun.zip.disableMemoryMapping=true -Xmx2G -Xms100m -Xlog:disable -javaagent:c:\Users\neth\.vscode\extensions\redhat.java-1.55.0-win32-x64\lombok\lombok-1.18.39-4050.jar 
java_command: c:\Users\neth\.vscode\extensions\redhat.java-1.55.0-win32-x64\server\plugins\org.eclipse.equinox.launcher_1.7.200.v20260619-2039.jar -configuration c:\Users\neth\AppData\Roaming\Code\User\globalStorage\redhat.java\1.55.0\config_ss_win -data c:\Users\neth\AppData\Roaming\Code\User\workspaceStorage\c4494874b678732b3f5b28ec4bd7de0d\redhat.java\ss_ws --pipe=\\.\pipe\lsp-2ae0114e22ddf49893edaf88c5737ea0-sock
java_class_path (initial): c:\Users\neth\.vscode\extensions\redhat.java-1.55.0-win32-x64\server\plugins\org.eclipse.equinox.launcher_1.7.200.v20260619-2039.jar
Launcher Type: SUN_STANDARD

[Global flags]
    uintx AdaptiveSizePolicyWeight                 = 90                                        {product} {command line}
     intx CICompilerCount                          = 4                                         {product} {ergonomic}
    uintx GCTimeRatio                              = 4                                         {product} {command line}
   size_t InitialHeapSize                          = 104857600                                 {product} {command line}
   size_t MaxHeapSize                              = 2147483648                                {product} {command line}
   size_t MaxNewSize                               = 715653120                                 {product} {ergonomic}
   size_t MinHeapDeltaBytes                        = 524288                                    {product} {ergonomic}
   size_t MinHeapSize                              = 104857600                                 {product} {command line}
   size_t NewSize                                  = 34603008                                  {product} {ergonomic}
    uintx NonNMethodCodeHeapSize                   = 5839372                                {pd product} {ergonomic}
    uintx NonProfiledCodeHeapSize                  = 122909434                              {pd product} {ergonomic}
   size_t OldSize                                  = 70254592                                  {product} {ergonomic}
    uintx ProfiledCodeHeapSize                     = 122909434                              {pd product} {ergonomic}
    uintx ReservedCodeCacheSize                    = 251658240                              {pd product} {ergonomic}
     bool SegmentedCodeCache                       = true                                      {product} {ergonomic}
   size_t SoftMaxHeapSize                          = 2147483648                             {manageable} {ergonomic}
     bool UseCompressedOops                        = true                           {product lp64_product} {ergonomic}
     bool UseLargePagesIndividualAllocation        = false                                  {pd product} {ergonomic}
     bool UseParallelGC                            = true                                      {product} {command line}

Logging:
Log output configuration:
 #0: stdout all=off uptime,level,tags foldmultilines=false
 #1: stderr all=off uptime,level,tags foldmultilines=false

Release file:
JAVA_VERSION="21.0.11" 
MODULES="java.base java.compiler java.datatransfer java.xml java.prefs java.desktop java.instrument java.logging java.management java.security.sasl java.naming java.rmi java.management.rmi java.net.http java.scripting java.security.jgss java.transaction.xa java.sql java.sql.rowset java.xml.crypto java.se java.smartcardio jdk.accessibility jdk.internal.jvmstat jdk.attach jdk.charsets jdk.internal.opt jdk.zipfs jdk.compiler jdk.crypto.ec jdk.crypto.cryptoki jdk.crypto.mscapi jdk.dynalink jdk.internal.ed jdk.editpad jdk.hotspot.agent jdk.httpserver jdk.internal.le jdk.internal.vm.ci jdk.internal.vm.compiler jdk.internal.vm.compiler.management jdk.jartool jdk.javadoc jdk.jcmd jdk.management jdk.management.agent jdk.jconsole jdk.jdeps jdk.jdwp.agent jdk.jdi jdk.jfr jdk.jshell jdk.jsobject jdk.jstatd jdk.localedata jdk.management.jfr jdk.naming.dns jdk.naming.rmi jdk.net jdk.nio.mapmode jdk.random jdk.sctp jdk.security.auth jdk.security.jgss jdk.unsupported jdk.unsupported.desktop jdk.xml.dom" 

Environment Variables:
JAVA_HOME=C:\Program Files\Java\jdk-21.0.11
PATH=C:\Python314\Scripts\;C:\Python314\;C:\WINDOWS\system32;C:\WINDOWS;C:\WINDOWS\System32\Wbem;C:\WINDOWS\System32\WindowsPowerShell\v1.0\;C:\WINDOWS\System32\OpenSSH\;C:\Program Files\Docker\Docker\resources\bin;C:\Program Files\Git\cmd;C:\Users\neth\Downloads\apache-maven-3.9.16-bin\apache-maven-3.9.16\bin;C:\Program Files\PostgreSQL\17\bin;C:\Users\neth\src\flutter\bin;C:\Program Files (x86)\cloudflared\;C:\Program Files\dotnet\;C:\Program Files\Microsoft SQL Server\170\Tools\Binn\;C:\ProgramData\chocolatey\bin;C:\Program Files (x86)\Windows Kits\10\Windows Performance Toolkit\;C:\Program Files\nodejs\;C:\Users\neth\AppData\Local\Antigravity\agy.exe;C:\Program Files\Common Files\Oracle\Java\javapath;C:\WINDOWS\system32;C:\WINDOWS;C:\WINDOWS\System32\Wbem;C:\WINDOWS\System32\WindowsPowerShell\v1.0\;C:\WINDOWS\System32\OpenSSH\;C:\Program Files\Docker\Docker\resources\bin;C:\Program Files\Git\cmd;C:\Users\neth\Downloads\apache-maven-3.9.16-bin\apache-maven-3.9.16\bin;C:\Program Files\PostgreSQL\17\bin;C:\Program Files\Kubernetes\Minikube;C:\Users\neth\src\flutter\bin;C:\Users\neth\AppData\Local\Microsoft\WindowsApps;C:\Users\neth\AppData\Local\Programs\Microsoft VS Code\bin;C:\Users\neth\AppData\Local\JetBrains\Toolbox\scripts;C:\Program Files\JetBrains\IntelliJ IDEA Community Edition 2025.2.6.2\bin;C:\flutter\bin;C:\Users\neth\AppData\Local\Microsoft\WinGet\Packages\Ngrok.Ngrok_Microsoft.Winget.Source_8wekyb3d8bbwe;C:\Users\neth\AppData\Local\Programs\Warp\bin;C:\Users\neth\.dotnet\tools;C:\Users\neth\AppData\Roaming\npm;C:\Users\neth\AppData\Local\Programs\Antigravity IDE\bin
USERNAME=neth
OS=Windows_NT
PROCESSOR_IDENTIFIER=Intel64 Family 6 Model 141 Stepping 1, GenuineIntel
TMP=C:\Users\neth\AppData\Local\Temp
TEMP=C:\Users\neth\AppData\Local\Temp




Periodic native trim disabled

---------------  S Y S T E M  ---------------

OS:
 Windows 11 , 64 bit Build 26100 (10.0.26100.8875)
OS uptime: 0 days 15:35 hours
Hyper-V role detected

CPU: total 12 (initial active 12) (6 cores per cpu, 2 threads per core) family 6 model 141 stepping 1 microcode 0x34, cx8, cmov, fxsr, ht, mmx, 3dnowpref, sse, sse2, sse3, ssse3, sse4.1, sse4.2, popcnt, lzcnt, tsc, tscinvbit, avx, avx2, aes, erms, clmul, bmi1, bmi2, adx, avx512f, avx512dq, avx512cd, avx512bw, avx512vl, sha, fma, vzeroupper, avx512_vpopcntdq, avx512_vpclmulqdq, avx512_vaes, avx512_vnni, clflush, clflushopt, clwb, avx512_vbmi2, avx512_vbmi, hv, rdtscp, rdpid, fsrm, gfni, avx512_bitalg, f16c, cet_ibt, cet_ss, avx512_ifma
Processor Information for the first 12 processors :
  Max Mhz: 2688, Current Mhz: 2688, Mhz Limit: 2688

Memory: 4k page, system-wide physical 16085M (715M free)
TotalPageFile size 23071M (AvailPageFile size 1M)
current process WorkingSet (physical memory assigned to process): 203M, peak: 205M
current process commit charge ("private bytes"): 313M, peak: 315M

vm_info: OpenJDK 64-Bit Server VM (21.0.11+10-LTS) for windows-amd64 JRE (21.0.11+10-LTS), built on 2026-04-21T00:00:00Z by "admin" with MS VC++ 17.12 (VS2022)

END.
