#
# There is insufficient memory for the Java Runtime Environment to continue.
# Native memory allocation (malloc) failed to allocate 752576 bytes. Error detail: Chunk::new
# Possible reasons:
#   The system is out of physical RAM or swap space
#   This process is running with CompressedOops enabled, and the Java Heap may be blocking the growth of the native heap
# Possible solutions:
#   Reduce memory load on the system
#   Increase physical memory or swap space
#   Check if swap backing store is full
#   Decrease Java heap size (-Xmx/-Xms)
#   Decrease number of Java threads
#   Decrease Java thread stack sizes (-Xss)
#   Set larger code cache with -XX:ReservedCodeCacheSize=
#   JVM is running with Unscaled Compressed Oops mode in which the Java heap is
#     placed in the first 4GB address space. The Java Heap base address is the
#     maximum limit for the native heap growth. Please use -XX:HeapBaseMinAddress
#     to set the Java Heap base and to place the Java Heap above 4GB virtual address.
# This output file may be truncated or incomplete.
#
#  Out of Memory Error (arena.cpp:168), pid=11408, tid=17920
#
# JRE version: OpenJDK Runtime Environment Temurin-21.0.11+10 (21.0.11+10) (build 21.0.11+10-LTS)
# Java VM: OpenJDK 64-Bit Server VM Temurin-21.0.11+10 (21.0.11+10-LTS, mixed mode, sharing, tiered, compressed oops, compressed class ptrs, parallel gc, windows-amd64)
# No core dump will be written. Minidumps are not enabled by default on client versions of Windows
#

---------------  S U M M A R Y ------------

Command Line: --add-modules=ALL-SYSTEM --add-opens=java.base/java.util=ALL-UNNAMED --add-opens=java.base/java.lang=ALL-UNNAMED --add-opens=java.base/sun.nio.fs=ALL-UNNAMED -Declipse.application=org.eclipse.jdt.ls.core.id1 -Dosgi.bundles.defaultStartLevel=4 -Declipse.product=org.eclipse.jdt.ls.core.product -Djava.import.generatesMetadataFilesAtProjectRoot=false -DDetectVMInstallationsJob.disabled=true -Dfile.encoding=utf8 -XX:+UseParallelGC -XX:GCTimeRatio=4 -XX:AdaptiveSizePolicyWeight=90 -Dsun.zip.disableMemoryMapping=true -Xmx2G -Xms100m -Xlog:disable -javaagent:c:\Users\neth\.vscode\extensions\redhat.java-1.55.0-win32-x64\lombok\lombok-1.18.39-4050.jar -XX:+HeapDumpOnOutOfMemoryError -XX:HeapDumpPath=c:\Users\neth\AppData\Roaming\Code\User\workspaceStorage\c4494874b678732b3f5b28ec4bd7de0d\redhat.java -Daether.dependencyCollector.impl=bf c:\Users\neth\.vscode\extensions\redhat.java-1.55.0-win32-x64\server\plugins\org.eclipse.equinox.launcher_1.7.200.v20260619-2039.jar -configuration c:\Users\neth\AppData\Roaming\Code\User\globalStorage\redhat.java\1.55.0\config_win -data c:\Users\neth\AppData\Roaming\Code\User\workspaceStorage\c4494874b678732b3f5b28ec4bd7de0d\redhat.java\jdt_ws --pipe=\\.\pipe\lsp-c0b45f2b736839028f4b539ff108f617-sock

Host: 11th Gen Intel(R) Core(TM) i5-11400H @ 2.70GHz, 12 cores, 15G,  Windows 11 , 64 bit Build 26100 (10.0.26100.8875)
Time: Sat Aug 15 09:46:37 2026 SE Asia Standard Time elapsed time: 6.794899 seconds (0d 0h 0m 6s)

---------------  T H R E A D  ---------------

Current thread (0x00000277c1232c60):  JavaThread "C2 CompilerThread0" daemon [_thread_in_native, id=17920, stack(0x000000fdad200000,0x000000fdad300000) (1024K)]


Current CompileTask:
C2:6794 4653   !   4       org.eclipse.osgi.internal.loader.classpath.ClasspathManager::findLocalClass (210 bytes)

Stack: [0x000000fdad200000,0x000000fdad300000]
Native frames: (J=compiled Java code, j=interpreted, Vv=VM code, C=native code)
V  [jvm.dll+0x6d7e19]
V  [jvm.dll+0x8b5096]
V  [jvm.dll+0x8b764e]
V  [jvm.dll+0x8b7d33]
V  [jvm.dll+0x284596]
V  [jvm.dll+0xc685d]
V  [jvm.dll+0xc6da1]
V  [jvm.dll+0x2fb4ee]
V  [jvm.dll+0x5fe9a4]
V  [jvm.dll+0x255d67]
V  [jvm.dll+0x25612d]
V  [jvm.dll+0x24e6a0]
V  [jvm.dll+0x24bbe6]
V  [jvm.dll+0x1cb4ae]
V  [jvm.dll+0x25baad]
V  [jvm.dll+0x25a03a]
V  [jvm.dll+0x3f868e]
V  [jvm.dll+0x85fb0d]
V  [jvm.dll+0x6d664d]
C  [ucrtbase.dll+0x2cd30]
C  [KERNEL32.DLL+0x2e957]
C  [ntdll.dll+0xaad6c]


---------------  P R O C E S S  ---------------

Threads class SMR info:
_java_thread_list=0x000002781f7d62a0, length=42, elements={
0x00000277c117f9f0, 0x00000277d7c2e720, 0x00000277c1222390, 0x00000277c1227570,
0x00000277c1228300, 0x00000277c122ad70, 0x00000277c122cd30, 0x00000277c1232c60,
0x00000277c12333c0, 0x000002781a2f1960, 0x000002781a2ef200, 0x000002781a2f12d0,
0x000002781a2eeb70, 0x000002781a2ee4e0, 0x000002781a2f0c40, 0x000002781a2eff20,
0x000002781a2ef890, 0x00000278203098b0, 0x000002781a2f05b0, 0x000002781fd65060,
0x000002781fd677c0, 0x000002781fd67130, 0x0000027821482da0, 0x000002781fd67e50,
0x000002781fd684e0, 0x000002781fd656f0, 0x000002781fd68b70, 0x000002781fd66410,
0x000002781fd65d80, 0x000002781fd69f20, 0x000002781fd69200, 0x000002781fd66aa0,
0x000002781fd69890, 0x000002781fd6ac40, 0x000002781fd6c680, 0x000002781fd6a5b0,
0x000002781fd6b2d0, 0x000002781fd6b960, 0x000002781fd6bff0, 0x00000278224935d0,
0x0000027822493c60, 0x0000027822492220
}

Java Threads: ( => current thread )
  0x00000277c117f9f0 JavaThread "main"                              [_thread_in_Java, id=2964, stack(0x000000fdac800000,0x000000fdac900000) (1024K)]
  0x00000277d7c2e720 JavaThread "Reference Handler"          daemon [_thread_blocked, id=2460, stack(0x000000fdacc00000,0x000000fdacd00000) (1024K)]
  0x00000277c1222390 JavaThread "Finalizer"                  daemon [_thread_blocked, id=15932, stack(0x000000fdacd00000,0x000000fdace00000) (1024K)]
  0x00000277c1227570 JavaThread "Signal Dispatcher"          daemon [_thread_blocked, id=15428, stack(0x000000fdace00000,0x000000fdacf00000) (1024K)]
  0x00000277c1228300 JavaThread "Attach Listener"            daemon [_thread_blocked, id=18116, stack(0x000000fdacf00000,0x000000fdad000000) (1024K)]
  0x00000277c122ad70 JavaThread "Service Thread"             daemon [_thread_blocked, id=4920, stack(0x000000fdad000000,0x000000fdad100000) (1024K)]
  0x00000277c122cd30 JavaThread "Monitor Deflation Thread"   daemon [_thread_blocked, id=19812, stack(0x000000fdad100000,0x000000fdad200000) (1024K)]
=>0x00000277c1232c60 JavaThread "C2 CompilerThread0"         daemon [_thread_in_native, id=17920, stack(0x000000fdad200000,0x000000fdad300000) (1024K)]
  0x00000277c12333c0 JavaThread "C1 CompilerThread0"         daemon [_thread_in_native, id=17392, stack(0x000000fdad300000,0x000000fdad400000) (1024K)]
  0x000002781a2f1960 JavaThread "Common-Cleaner"             daemon [_thread_blocked, id=12224, stack(0x000000fdad500000,0x000000fdad600000) (1024K)]
  0x000002781a2ef200 JavaThread "Notification Thread"        daemon [_thread_blocked, id=19688, stack(0x000000fdad600000,0x000000fdad700000) (1024K)]
  0x000002781a2f12d0 JavaThread "Active Thread: Equinox Container: eae64886-2051-4603-bcab-b96981ce7ed9"        [_thread_blocked, id=13436, stack(0x000000fdade00000,0x000000fdadf00000) (1024K)]
  0x000002781a2eeb70 JavaThread "Refresh Thread: Equinox Container: eae64886-2051-4603-bcab-b96981ce7ed9" daemon [_thread_blocked, id=15400, stack(0x000000fdae000000,0x000000fdae100000) (1024K)]
  0x000002781a2ee4e0 JavaThread "Framework Event Dispatcher: Equinox Container: eae64886-2051-4603-bcab-b96981ce7ed9" daemon [_thread_blocked, id=16452, stack(0x000000fdae100000,0x000000fdae200000) (1024K)]
  0x000002781a2f0c40 JavaThread "Start Level: Equinox Container: eae64886-2051-4603-bcab-b96981ce7ed9" daemon [_thread_blocked, id=4828, stack(0x000000fdae200000,0x000000fdae300000) (1024K)]
  0x000002781a2eff20 JavaThread "Bundle File Closer"         daemon [_thread_blocked, id=20100, stack(0x000000fdae500000,0x000000fdae600000) (1024K)]
  0x000002781a2ef890 JavaThread "SCR Component Actor"        daemon [_thread_blocked, id=18396, stack(0x000000fdad400000,0x000000fdad500000) (1024K)]
  0x00000278203098b0 JavaThread "C2 CompilerThread1"         daemon [_thread_in_native, id=10728, stack(0x000000fdad700000,0x000000fdad800000) (1024K)]
  0x000002781a2f05b0 JavaThread "Worker-JM"                         [_thread_blocked, id=20000, stack(0x000000fdae700000,0x000000fdae800000) (1024K)]
  0x000002781fd65060 JavaThread "JNA Cleaner"                daemon [_thread_blocked, id=19260, stack(0x000000fdae800000,0x000000fdae900000) (1024K)]
  0x000002781fd677c0 JavaThread "Worker-0: Initialize After Load"        [_thread_in_Java, id=18020, stack(0x000000fdae900000,0x000000fdaea00000) (1024K)]
  0x000002781fd67130 JavaThread "Worker-1"                          [_thread_blocked, id=16672, stack(0x000000fdaea00000,0x000000fdaeb00000) (1024K)]
  0x0000027821482da0 JavaThread "C2 CompilerThread2"         daemon [_thread_in_native, id=380, stack(0x000000fdaeb00000,0x000000fdaec00000) (1024K)]
  0x000002781fd67e50 JavaThread "Java indexing"              daemon [_thread_blocked, id=17668, stack(0x000000fdaec00000,0x000000fdaed00000) (1024K)]
  0x000002781fd684e0 JavaThread "Worker-2"                          [_thread_blocked, id=20308, stack(0x000000fdaef00000,0x000000fdaf000000) (1024K)]
  0x000002781fd656f0 JavaThread "Worker-3: Repository registry initialization"        [_thread_in_vm, id=16316, stack(0x000000fdaf000000,0x000000fdaf100000) (1024K)]
  0x000002781fd68b70 JavaThread "Thread-1"                   daemon [_thread_in_native, id=8100, stack(0x000000fdaf100000,0x000000fdaf200000) (1024K)]
  0x000002781fd66410 JavaThread "Thread-2"                   daemon [_thread_in_native, id=19060, stack(0x000000fdaf200000,0x000000fdaf300000) (1024K)]
  0x000002781fd65d80 JavaThread "Thread-3"                   daemon [_thread_in_native, id=14172, stack(0x000000fdaf300000,0x000000fdaf400000) (1024K)]
  0x000002781fd69f20 JavaThread "Thread-4"                   daemon [_thread_in_native, id=15228, stack(0x000000fdaf400000,0x000000fdaf500000) (1024K)]
  0x000002781fd69200 JavaThread "Thread-5"                   daemon [_thread_in_native, id=19464, stack(0x000000fdaf500000,0x000000fdaf600000) (1024K)]
  0x000002781fd66aa0 JavaThread "Thread-6"                   daemon [_thread_in_native, id=16780, stack(0x000000fdaf600000,0x000000fdaf700000) (1024K)]
  0x000002781fd69890 JavaThread "Thread-7"                   daemon [_thread_in_native, id=18040, stack(0x000000fdaf700000,0x000000fdaf800000) (1024K)]
  0x000002781fd6ac40 JavaThread "Thread-8"                   daemon [_thread_in_native, id=10520, stack(0x000000fdaf800000,0x000000fdaf900000) (1024K)]
  0x000002781fd6c680 JavaThread "Thread-9"                   daemon [_thread_in_native, id=18088, stack(0x000000fdaf900000,0x000000fdafa00000) (1024K)]
  0x000002781fd6a5b0 JavaThread "Thread-10"                  daemon [_thread_in_native, id=13936, stack(0x000000fdafa00000,0x000000fdafb00000) (1024K)]
  0x000002781fd6b2d0 JavaThread "Thread-11"                  daemon [_thread_in_native, id=20116, stack(0x000000fdafb00000,0x000000fdafc00000) (1024K)]
  0x000002781fd6b960 JavaThread "Thread-12"                  daemon [_thread_in_native, id=16768, stack(0x000000fdafc00000,0x000000fdafd00000) (1024K)]
  0x000002781fd6bff0 JavaThread "Thread-13"                  daemon [_thread_in_native, id=2056, stack(0x000000fdafd00000,0x000000fdafe00000) (1024K)]
  0x00000278224935d0 JavaThread "pool-2-thread-1"                   [_thread_blocked, id=10880, stack(0x000000fdafe00000,0x000000fdaff00000) (1024K)]
  0x0000027822493c60 JavaThread "WorkspaceEventsHandler"            [_thread_blocked, id=18368, stack(0x000000fdaff00000,0x000000fdb0000000) (1024K)]
  0x0000027822492220 JavaThread "pool-1-thread-1"                   [_thread_in_vm, id=17992, stack(0x000000fdb0000000,0x000000fdb0100000) (1024K)]
Total: 42

Other Threads:
  0x000002781a020090 VMThread "VM Thread"                           [id=19592, stack(0x000000fdacb00000,0x000000fdacc00000) (1024K)]
  0x00000277d7b0c950 WatcherThread "VM Periodic Task Thread"        [id=1988, stack(0x000000fdaca00000,0x000000fdacb00000) (1024K)]
  0x00000277c119d060 WorkerThread "GC Thread#0"                     [id=19168, stack(0x000000fdac900000,0x000000fdaca00000) (1024K)]
  0x000002781a3f4090 WorkerThread "GC Thread#1"                     [id=12496, stack(0x000000fdad800000,0x000000fdad900000) (1024K)]
  0x000002781f7f2490 WorkerThread "GC Thread#2"                     [id=15808, stack(0x000000fdad900000,0x000000fdada00000) (1024K)]
  0x000002781f7f2840 WorkerThread "GC Thread#3"                     [id=6992, stack(0x000000fdada00000,0x000000fdadb00000) (1024K)]
  0x000002781f7f2bf0 WorkerThread "GC Thread#4"                     [id=17808, stack(0x000000fdadb00000,0x000000fdadc00000) (1024K)]
  0x000002781f5b5cf0 WorkerThread "GC Thread#5"                     [id=7348, stack(0x000000fdadc00000,0x000000fdadd00000) (1024K)]
  0x000002781f5b60a0 WorkerThread "GC Thread#6"                     [id=16988, stack(0x000000fdadd00000,0x000000fdade00000) (1024K)]
  0x000002781f9ab8d0 WorkerThread "GC Thread#7"                     [id=20408, stack(0x000000fdadf00000,0x000000fdae000000) (1024K)]
  0x000002781fea0ce0 WorkerThread "GC Thread#8"                     [id=16644, stack(0x000000fdae300000,0x000000fdae400000) (1024K)]
  0x000002781fea1090 WorkerThread "GC Thread#9"                     [id=3140, stack(0x000000fdae400000,0x000000fdae500000) (1024K)]
Total: 12

Threads with active compile tasks:
C2 CompilerThread0  6827 4653   !   4       org.eclipse.osgi.internal.loader.classpath.ClasspathManager::findLocalClass (210 bytes)
C1 CompilerThread0  6827 4786       3       java.time.format.Parsed::resolveTimeFields (1347 bytes)
C2 CompilerThread1  6827 4643   !   4       org.eclipse.osgi.internal.loader.classpath.ClasspathManager::findClassImpl (328 bytes)
C2 CompilerThread2  6827 4705       4       org.eclipse.osgi.internal.loader.classpath.ClasspathEntry::findEntry (56 bytes)
Total: 4

VM state: not at safepoint (normal execution)

VM Mutex/Monitor currently owned by a thread:  ([mutex/lock_event])
[0x00007ff84b90dff0] CompiledIC_lock - owner thread: 0x00000277c117f9f0

Heap address: 0x0000000080000000, size: 2048 MB, Compressed Oops mode: 32-bit

CDS archive(s) mapped at: [0x00000277d8000000-0x00000277d8ba0000-0x00000277d8ba0000), size 12189696, SharedBaseAddress: 0x00000277d8000000, ArchiveRelocationMode: 1.
Compressed class space mapped at: 0x00000277d9000000-0x0000027819000000, reserved size: 1073741824
Narrow klass base: 0x00000277d8000000, Narrow klass shift: 0, Narrow klass range: 0x100000000

GC Precious Log:
 CardTable entry size: 512
 CPUs: 12 total, 12 available
 Memory: 16085M
 Large Page Support: Disabled
 NUMA Support: Disabled
 Compressed Oops: Enabled (32-bit)
 Alignments: Space 512K, Generation 512K, Heap 2M
 Heap Min Capacity: 100M
 Heap Initial Capacity: 100M
 Heap Max Capacity: 2G
 Pre-touch: Disabled
 Parallel Workers: 10

Heap:
 PSYoungGen      total 26624K, used 15333K [0x00000000d5580000, 0x00000000d7200000, 0x0000000100000000)
  eden space 22016K, 69% used [0x00000000d5580000,0x00000000d6479410,0x00000000d6b00000)
  from space 4608K, 0% used [0x00000000d6b00000,0x00000000d6b00000,0x00000000d6f80000)
  to   space 2048K, 0% used [0x00000000d7000000,0x00000000d7000000,0x00000000d7200000)
 ParOldGen       total 68608K, used 20475K [0x0000000080000000, 0x0000000084300000, 0x00000000d5580000)
  object space 68608K, 29% used [0x0000000080000000,0x00000000813fec40,0x0000000084300000)
 Metaspace       used 36292K, committed 37504K, reserved 1114112K
  class space    used 3772K, committed 4288K, reserved 1048576K

Card table byte_map: [0x00000277c0b40000,0x00000277c0f50000] _byte_map_base: 0x00000277c0740000

Marking Bits: (ParMarkBitMap*) 0x00007ff84b914460
 Begin Bits: [0x00000277d3630000, 0x00000277d5630000)
 End Bits:   [0x00000277d5630000, 0x00000277d7630000)

Polling page: 0x00000277bf060000

Metaspace:

Usage:
  Non-class:     31.76 MB used.
      Class:      3.68 MB used.
       Both:     35.44 MB used.

Virtual space:
  Non-class space:       64.00 MB reserved,      32.44 MB ( 51%) committed,  1 nodes.
      Class space:        1.00 GB reserved,       4.19 MB ( <1%) committed,  1 nodes.
             Both:        1.06 GB reserved,      36.62 MB (  3%) committed. 

Chunk freelists:
   Non-Class:  15.44 MB
       Class:  11.66 MB
        Both:  27.08 MB

MaxMetaspaceSize: unlimited
CompressedClassSpaceSize: 1.00 GB
Initial GC threshold: 21.00 MB
Current GC threshold: 58.38 MB
CDS: on
 - commit_granule_bytes: 65536.
 - commit_granule_words: 8192.
 - virtual_space_node_default_size: 8388608.
 - enlarge_chunks_in_place: 1.
 - use_allocation_guard: 0.


Internal statistics:

num_allocs_failed_limit: 6.
num_arena_births: 904.
num_arena_deaths: 14.
num_vsnodes_births: 2.
num_vsnodes_deaths: 0.
num_space_committed: 587.
num_space_uncommitted: 0.
num_chunks_returned_to_freelist: 20.
num_chunks_taken_from_freelist: 2537.
num_chunk_merges: 6.
num_chunk_splits: 1569.
num_chunks_enlarged: 863.
num_inconsistent_stats: 0.

CodeHeap 'non-profiled nmethods': size=120000Kb used=1917Kb max_used=2316Kb free=118082Kb
 bounds [0x00000277cbe50000, 0x00000277cc0c0000, 0x00000277d3380000]
CodeHeap 'profiled nmethods': size=120000Kb used=8464Kb max_used=9802Kb free=111536Kb
 bounds [0x00000277c4380000, 0x00000277c4d20000, 0x00000277cb8b0000]
CodeHeap 'non-nmethods': size=5760Kb used=1367Kb max_used=1415Kb free=4392Kb
 bounds [0x00000277cb8b0000, 0x00000277cbb20000, 0x00000277cbe50000]
CodeCache: size=245760Kb, used=11748Kb, max_used=13533Kb, free=234010Kb
 total_blobs=4867, nmethods=4213, adapters=560, full_count=0
Compilation: enabled, stopped_count=0, restarted_count=0

Compilation events (20 events):
Event: 6.783 Thread 0x00000277c12333c0 nmethod 4725 0x00000277cbe71390 code [0x00000277cbe71520, 0x00000277cbe715f0]
Event: 6.784 Thread 0x00000277c12333c0 4727       1       java.time.format.DecimalStyle::getPositiveSign (5 bytes)
Event: 6.784 Thread 0x00000277c12333c0 nmethod 4727 0x00000277cbee9d10 code [0x00000277cbee9ea0, 0x00000277cbee9f70]
Event: 6.784 Thread 0x00000277c12333c0 4732       3       java.time.temporal.ChronoField::checkValidValue (10 bytes)
Event: 6.784 Thread 0x00000277c12333c0 nmethod 4732 0x00000277c4475510 code [0x00000277c44756c0, 0x00000277c4475820]
Event: 6.785 Thread 0x00000277c12333c0 4733       3       java.time.temporal.ValueRange::checkValidValue (24 bytes)
Event: 6.785 Thread 0x00000277c12333c0 nmethod 4733 0x00000277c44edd10 code [0x00000277c44edee0, 0x00000277c44ee268]
Event: 6.786 Thread 0x00000277c12333c0 4734       3       java.time.format.DateTimeParseContext::currentParsed (20 bytes)
Event: 6.786 Thread 0x00000277c12333c0 nmethod 4734 0x00000277c43a3410 code [0x00000277c43a35e0, 0x00000277c43a3990]
Event: 6.786 Thread 0x00000277c12333c0 4736       3       java.time.temporal.ValueRange::isIntValue (28 bytes)
Event: 6.786 Thread 0x00000277c12333c0 nmethod 4736 0x00000277c4496710 code [0x00000277c44968c0, 0x00000277c4496a90]
Event: 6.787 Thread 0x00000277c12333c0 4744       3       java.time.format.DateTimeFormatterBuilder$NumberPrinterParser::parse (609 bytes)
Event: 6.790 Thread 0x00000277c12333c0 nmethod 4744 0x00000277c458c810 code [0x00000277c458cc40, 0x00000277c458ea70]
Event: 6.790 Thread 0x00000277c12333c0 4739       3       java.time.format.DateTimeParseContext::setParsedField (54 bytes)
Event: 6.791 Thread 0x00000277c12333c0 nmethod 4739 0x00000277c43f4090 code [0x00000277c43f42c0, 0x00000277c43f4b38]
Event: 6.791 Thread 0x00000277c12333c0 4728       1       java.time.format.DecimalStyle::getNegativeSign (5 bytes)
Event: 6.791 Thread 0x00000277c12333c0 nmethod 4728 0x00000277cbeeea10 code [0x00000277cbeeeba0, 0x00000277cbeeec70]
Event: 6.791 Thread 0x00000277c12333c0 4740       3       java.time.temporal.ChronoField::checkValidIntValue (10 bytes)
Event: 6.792 Thread 0x00000277c12333c0 nmethod 4740 0x00000277c4519210 code [0x00000277c45193c0, 0x00000277c4519520]
Event: 6.792 Thread 0x00000277c12333c0 4742       3       java.time.temporal.ValueRange::checkValidIntValue (25 bytes)

GC Heap History (20 events):
Event: 5.319 GC heap before
{Heap before GC invocations=6 (full 0):
 PSYoungGen      total 29184K, used 29181K [0x00000000d5580000, 0x00000000d7a00000, 0x0000000100000000)
  eden space 25088K, 100% used [0x00000000d5580000,0x00000000d6e00000,0x00000000d6e00000)
  from space 4096K, 99% used [0x00000000d6e80000,0x00000000d727f608,0x00000000d7280000)
  to   space 6144K, 0% used [0x00000000d7400000,0x00000000d7400000,0x00000000d7a00000)
 ParOldGen       total 68608K, used 8035K [0x0000000080000000, 0x0000000084300000, 0x00000000d5580000)
  object space 68608K, 11% used [0x0000000080000000,0x00000000807d8d58,0x0000000084300000)
 Metaspace       used 18694K, committed 19520K, reserved 1114112K
  class space    used 1973K, committed 2304K, reserved 1048576K
}
Event: 5.322 GC heap after
{Heap after GC invocations=6 (full 0):
 PSYoungGen      total 29696K, used 4912K [0x00000000d5580000, 0x00000000d7900000, 0x0000000100000000)
  eden space 24576K, 0% used [0x00000000d5580000,0x00000000d5580000,0x00000000d6d80000)
  from space 5120K, 95% used [0x00000000d7400000,0x00000000d78cc1c0,0x00000000d7900000)
  to   space 5632K, 0% used [0x00000000d6e00000,0x00000000d6e00000,0x00000000d7380000)
 ParOldGen       total 68608K, used 8043K [0x0000000080000000, 0x0000000084300000, 0x00000000d5580000)
  object space 68608K, 11% used [0x0000000080000000,0x00000000807dad58,0x0000000084300000)
 Metaspace       used 18694K, committed 19520K, reserved 1114112K
  class space    used 1973K, committed 2304K, reserved 1048576K
}
Event: 5.518 GC heap before
{Heap before GC invocations=7 (full 0):
 PSYoungGen      total 29696K, used 24700K [0x00000000d5580000, 0x00000000d7900000, 0x0000000100000000)
  eden space 24576K, 80% used [0x00000000d5580000,0x00000000d68d2f10,0x00000000d6d80000)
  from space 5120K, 95% used [0x00000000d7400000,0x00000000d78cc1c0,0x00000000d7900000)
  to   space 5632K, 0% used [0x00000000d6e00000,0x00000000d6e00000,0x00000000d7380000)
 ParOldGen       total 68608K, used 8043K [0x0000000080000000, 0x0000000084300000, 0x00000000d5580000)
  object space 68608K, 11% used [0x0000000080000000,0x00000000807dad58,0x0000000084300000)
 Metaspace       used 20638K, committed 21504K, reserved 1114112K
  class space    used 2216K, committed 2624K, reserved 1048576K
}
Event: 5.522 GC heap after
{Heap after GC invocations=7 (full 0):
 PSYoungGen      total 29184K, used 4261K [0x00000000d5580000, 0x00000000d7680000, 0x0000000100000000)
  eden space 24576K, 0% used [0x00000000d5580000,0x00000000d5580000,0x00000000d6d80000)
  from space 4608K, 92% used [0x00000000d6e00000,0x00000000d7229780,0x00000000d7280000)
  to   space 4096K, 0% used [0x00000000d7280000,0x00000000d7280000,0x00000000d7680000)
 ParOldGen       total 68608K, used 9374K [0x0000000080000000, 0x0000000084300000, 0x00000000d5580000)
  object space 68608K, 13% used [0x0000000080000000,0x0000000080927a08,0x0000000084300000)
 Metaspace       used 20638K, committed 21504K, reserved 1114112K
  class space    used 2216K, committed 2624K, reserved 1048576K
}
Event: 5.522 GC heap before
{Heap before GC invocations=8 (full 1):
 PSYoungGen      total 29184K, used 4261K [0x00000000d5580000, 0x00000000d7680000, 0x0000000100000000)
  eden space 24576K, 0% used [0x00000000d5580000,0x00000000d5580000,0x00000000d6d80000)
  from space 4608K, 92% used [0x00000000d6e00000,0x00000000d7229780,0x00000000d7280000)
  to   space 4096K, 0% used [0x00000000d7280000,0x00000000d7280000,0x00000000d7680000)
 ParOldGen       total 68608K, used 9374K [0x0000000080000000, 0x0000000084300000, 0x00000000d5580000)
  object space 68608K, 13% used [0x0000000080000000,0x0000000080927a08,0x0000000084300000)
 Metaspace       used 20638K, committed 21504K, reserved 1114112K
  class space    used 2216K, committed 2624K, reserved 1048576K
}
Event: 5.552 GC heap after
{Heap after GC invocations=8 (full 1):
 PSYoungGen      total 29184K, used 0K [0x00000000d5580000, 0x00000000d7680000, 0x0000000100000000)
  eden space 24576K, 0% used [0x00000000d5580000,0x00000000d5580000,0x00000000d6d80000)
  from space 4608K, 0% used [0x00000000d6e00000,0x00000000d6e00000,0x00000000d7280000)
  to   space 4096K, 0% used [0x00000000d7280000,0x00000000d7280000,0x00000000d7680000)
 ParOldGen       total 68608K, used 13059K [0x0000000080000000, 0x0000000084300000, 0x00000000d5580000)
  object space 68608K, 19% used [0x0000000080000000,0x0000000080cc0fd0,0x0000000084300000)
 Metaspace       used 20625K, committed 21504K, reserved 1114112K
  class space    used 2212K, committed 2624K, reserved 1048576K
}
Event: 5.737 GC heap before
{Heap before GC invocations=9 (full 1):
 PSYoungGen      total 29184K, used 24576K [0x00000000d5580000, 0x00000000d7680000, 0x0000000100000000)
  eden space 24576K, 100% used [0x00000000d5580000,0x00000000d6d80000,0x00000000d6d80000)
  from space 4608K, 0% used [0x00000000d6e00000,0x00000000d6e00000,0x00000000d7280000)
  to   space 4096K, 0% used [0x00000000d7280000,0x00000000d7280000,0x00000000d7680000)
 ParOldGen       total 68608K, used 13059K [0x0000000080000000, 0x0000000084300000, 0x00000000d5580000)
  object space 68608K, 19% used [0x0000000080000000,0x0000000080cc0fd0,0x0000000084300000)
 Metaspace       used 22782K, committed 23744K, reserved 1114112K
  class space    used 2397K, committed 2816K, reserved 1048576K
}
Event: 5.738 GC heap after
{Heap after GC invocations=9 (full 1):
 PSYoungGen      total 25600K, used 1030K [0x00000000d5580000, 0x00000000d7400000, 0x0000000100000000)
  eden space 24064K, 0% used [0x00000000d5580000,0x00000000d5580000,0x00000000d6d00000)
  from space 1536K, 67% used [0x00000000d7280000,0x00000000d7381890,0x00000000d7400000)
  to   space 2560K, 0% used [0x00000000d6f00000,0x00000000d6f00000,0x00000000d7180000)
 ParOldGen       total 68608K, used 13067K [0x0000000080000000, 0x0000000084300000, 0x00000000d5580000)
  object space 68608K, 19% used [0x0000000080000000,0x0000000080cc2fd0,0x0000000084300000)
 Metaspace       used 22782K, committed 23744K, reserved 1114112K
  class space    used 2397K, committed 2816K, reserved 1048576K
}
Event: 5.910 GC heap before
{Heap before GC invocations=10 (full 1):
 PSYoungGen      total 25600K, used 25094K [0x00000000d5580000, 0x00000000d7400000, 0x0000000100000000)
  eden space 24064K, 100% used [0x00000000d5580000,0x00000000d6d00000,0x00000000d6d00000)
  from space 1536K, 67% used [0x00000000d7280000,0x00000000d7381890,0x00000000d7400000)
  to   space 2560K, 0% used [0x00000000d6f00000,0x00000000d6f00000,0x00000000d7180000)
 ParOldGen       total 68608K, used 13067K [0x0000000080000000, 0x0000000084300000, 0x00000000d5580000)
  object space 68608K, 19% used [0x0000000080000000,0x0000000080cc2fd0,0x0000000084300000)
 Metaspace       used 26393K, committed 27328K, reserved 1114112K
  class space    used 2662K, committed 3072K, reserved 1048576K
}
Event: 5.911 GC heap after
{Heap after GC invocations=10 (full 1):
 PSYoungGen      total 26112K, used 1382K [0x00000000d5580000, 0x00000000d7300000, 0x0000000100000000)
  eden space 23552K, 0% used [0x00000000d5580000,0x00000000d5580000,0x00000000d6c80000)
  from space 2560K, 53% used [0x00000000d6f00000,0x00000000d7059890,0x00000000d7180000)
  to   space 1536K, 0% used [0x00000000d7180000,0x00000000d7180000,0x00000000d7300000)
 ParOldGen       total 68608K, used 13067K [0x0000000080000000, 0x0000000084300000, 0x00000000d5580000)
  object space 68608K, 19% used [0x0000000080000000,0x0000000080cc2fd0,0x0000000084300000)
 Metaspace       used 26393K, committed 27328K, reserved 1114112K
  class space    used 2662K, committed 3072K, reserved 1048576K
}
Event: 6.086 GC heap before
{Heap before GC invocations=11 (full 1):
 PSYoungGen      total 26112K, used 24934K [0x00000000d5580000, 0x00000000d7300000, 0x0000000100000000)
  eden space 23552K, 100% used [0x00000000d5580000,0x00000000d6c80000,0x00000000d6c80000)
  from space 2560K, 53% used [0x00000000d6f00000,0x00000000d7059890,0x00000000d7180000)
  to   space 1536K, 0% used [0x00000000d7180000,0x00000000d7180000,0x00000000d7300000)
 ParOldGen       total 68608K, used 13067K [0x0000000080000000, 0x0000000084300000, 0x00000000d5580000)
  object space 68608K, 19% used [0x0000000080000000,0x0000000080cc2fd0,0x0000000084300000)
 Metaspace       used 28109K, committed 29056K, reserved 1114112K
  class space    used 2790K, committed 3200K, reserved 1048576K
}
Event: 6.088 GC heap after
{Heap after GC invocations=11 (full 1):
 PSYoungGen      total 24576K, used 1230K [0x00000000d5580000, 0x00000000d7300000, 0x0000000100000000)
  eden space 23040K, 0% used [0x00000000d5580000,0x00000000d5580000,0x00000000d6c00000)
  from space 1536K, 80% used [0x00000000d7180000,0x00000000d72b3890,0x00000000d7300000)
  to   space 1536K, 0% used [0x00000000d7000000,0x00000000d7000000,0x00000000d7180000)
 ParOldGen       total 68608K, used 15480K [0x0000000080000000, 0x0000000084300000, 0x00000000d5580000)
  object space 68608K, 22% used [0x0000000080000000,0x0000000080f1e168,0x0000000084300000)
 Metaspace       used 28109K, committed 29056K, reserved 1114112K
  class space    used 2790K, committed 3200K, reserved 1048576K
}
Event: 6.356 GC heap before
{Heap before GC invocations=12 (full 1):
 PSYoungGen      total 24576K, used 24270K [0x00000000d5580000, 0x00000000d7300000, 0x0000000100000000)
  eden space 23040K, 100% used [0x00000000d5580000,0x00000000d6c00000,0x00000000d6c00000)
  from space 1536K, 80% used [0x00000000d7180000,0x00000000d72b3890,0x00000000d7300000)
  to   space 1536K, 0% used [0x00000000d7000000,0x00000000d7000000,0x00000000d7180000)
 ParOldGen       total 68608K, used 15480K [0x0000000080000000, 0x0000000084300000, 0x00000000d5580000)
  object space 68608K, 22% used [0x0000000080000000,0x0000000080f1e168,0x0000000084300000)
 Metaspace       used 31212K, committed 32320K, reserved 1114112K
  class space    used 3135K, committed 3584K, reserved 1048576K
}
Event: 6.359 GC heap after
{Heap after GC invocations=12 (full 1):
 PSYoungGen      total 24064K, used 1519K [0x00000000d5580000, 0x00000000d7380000, 0x0000000100000000)
  eden space 22528K, 0% used [0x00000000d5580000,0x00000000d5580000,0x00000000d6b80000)
  from space 1536K, 98% used [0x00000000d7000000,0x00000000d717bd78,0x00000000d7180000)
  to   space 2048K, 0% used [0x00000000d7180000,0x00000000d7180000,0x00000000d7380000)
 ParOldGen       total 68608K, used 17269K [0x0000000080000000, 0x0000000084300000, 0x00000000d5580000)
  object space 68608K, 25% used [0x0000000080000000,0x00000000810dd7a0,0x0000000084300000)
 Metaspace       used 31212K, committed 32320K, reserved 1114112K
  class space    used 3135K, committed 3584K, reserved 1048576K
}
Event: 6.604 GC heap before
{Heap before GC invocations=13 (full 1):
 PSYoungGen      total 24064K, used 24047K [0x00000000d5580000, 0x00000000d7380000, 0x0000000100000000)
  eden space 22528K, 100% used [0x00000000d5580000,0x00000000d6b80000,0x00000000d6b80000)
  from space 1536K, 98% used [0x00000000d7000000,0x00000000d717bd78,0x00000000d7180000)
  to   space 2048K, 0% used [0x00000000d7180000,0x00000000d7180000,0x00000000d7380000)
 ParOldGen       total 68608K, used 17269K [0x0000000080000000, 0x0000000084300000, 0x00000000d5580000)
  object space 68608K, 25% used [0x0000000080000000,0x00000000810dd7a0,0x0000000084300000)
 Metaspace       used 33825K, committed 35072K, reserved 1114112K
  class space    used 3470K, committed 3968K, reserved 1048576K
}
Event: 6.606 GC heap after
{Heap after GC invocations=13 (full 1):
 PSYoungGen      total 24064K, used 2032K [0x00000000d5580000, 0x00000000d7400000, 0x0000000100000000)
  eden space 22016K, 0% used [0x00000000d5580000,0x00000000d5580000,0x00000000d6b00000)
  from space 2048K, 99% used [0x00000000d7180000,0x00000000d737c010,0x00000000d7380000)
  to   space 4608K, 0% used [0x00000000d6b00000,0x00000000d6b00000,0x00000000d6f80000)
 ParOldGen       total 68608K, used 19156K [0x0000000080000000, 0x0000000084300000, 0x00000000d5580000)
  object space 68608K, 27% used [0x0000000080000000,0x00000000812b50f0,0x0000000084300000)
 Metaspace       used 33825K, committed 35072K, reserved 1114112K
  class space    used 3470K, committed 3968K, reserved 1048576K
}
Event: 6.697 GC heap before
{Heap before GC invocations=14 (full 1):
 PSYoungGen      total 24064K, used 9394K [0x00000000d5580000, 0x00000000d7400000, 0x0000000100000000)
  eden space 22016K, 33% used [0x00000000d5580000,0x00000000d5cb0bc8,0x00000000d6b00000)
  from space 2048K, 99% used [0x00000000d7180000,0x00000000d737c010,0x00000000d7380000)
  to   space 4608K, 0% used [0x00000000d6b00000,0x00000000d6b00000,0x00000000d6f80000)
 ParOldGen       total 68608K, used 19156K [0x0000000080000000, 0x0000000084300000, 0x00000000d5580000)
  object space 68608K, 27% used [0x0000000080000000,0x00000000812b50f0,0x0000000084300000)
 Metaspace       used 34635K, committed 35840K, reserved 1114112K
  class space    used 3567K, committed 4096K, reserved 1048576K
}
Event: 6.699 GC heap after
{Heap after GC invocations=14 (full 1):
 PSYoungGen      total 26624K, used 736K [0x00000000d5580000, 0x00000000d7200000, 0x0000000100000000)
  eden space 22016K, 0% used [0x00000000d5580000,0x00000000d5580000,0x00000000d6b00000)
  from space 4608K, 15% used [0x00000000d6b00000,0x00000000d6bb8000,0x00000000d6f80000)
  to   space 2048K, 0% used [0x00000000d7000000,0x00000000d7000000,0x00000000d7200000)
 ParOldGen       total 68608K, used 21158K [0x0000000080000000, 0x0000000084300000, 0x00000000d5580000)
  object space 68608K, 30% used [0x0000000080000000,0x00000000814a9bc8,0x0000000084300000)
 Metaspace       used 34635K, committed 35840K, reserved 1114112K
  class space    used 3567K, committed 4096K, reserved 1048576K
}
Event: 6.699 GC heap before
{Heap before GC invocations=15 (full 2):
 PSYoungGen      total 26624K, used 736K [0x00000000d5580000, 0x00000000d7200000, 0x0000000100000000)
  eden space 22016K, 0% used [0x00000000d5580000,0x00000000d5580000,0x00000000d6b00000)
  from space 4608K, 15% used [0x00000000d6b00000,0x00000000d6bb8000,0x00000000d6f80000)
  to   space 2048K, 0% used [0x00000000d7000000,0x00000000d7000000,0x00000000d7200000)
 ParOldGen       total 68608K, used 21158K [0x0000000080000000, 0x0000000084300000, 0x00000000d5580000)
  object space 68608K, 30% used [0x0000000080000000,0x00000000814a9bc8,0x0000000084300000)
 Metaspace       used 34635K, committed 35840K, reserved 1114112K
  class space    used 3567K, committed 4096K, reserved 1048576K
}
Event: 6.729 GC heap after
{Heap after GC invocations=15 (full 2):
 PSYoungGen      total 26624K, used 0K [0x00000000d5580000, 0x00000000d7200000, 0x0000000100000000)
  eden space 22016K, 0% used [0x00000000d5580000,0x00000000d5580000,0x00000000d6b00000)
  from space 4608K, 0% used [0x00000000d6b00000,0x00000000d6b00000,0x00000000d6f80000)
  to   space 2048K, 0% used [0x00000000d7000000,0x00000000d7000000,0x00000000d7200000)
 ParOldGen       total 68608K, used 20475K [0x0000000080000000, 0x0000000084300000, 0x00000000d5580000)
  object space 68608K, 29% used [0x0000000080000000,0x00000000813fec40,0x0000000084300000)
 Metaspace       used 34635K, committed 35840K, reserved 1114112K
  class space    used 3567K, committed 4096K, reserved 1048576K
}

Dll operation events (10 events):
Event: 0.009 Loaded shared library c:\Users\neth\.vscode\extensions\redhat.java-1.55.0-win32-x64\jre\21.0.11-win32-x86_64\bin\java.dll
Event: 0.075 Loaded shared library c:\Users\neth\.vscode\extensions\redhat.java-1.55.0-win32-x64\jre\21.0.11-win32-x86_64\bin\zip.dll
Event: 0.129 Loaded shared library C:\Users\neth\.vscode\extensions\redhat.java-1.55.0-win32-x64\jre\21.0.11-win32-x86_64\bin\instrument.dll
Event: 0.136 Loaded shared library C:\Users\neth\.vscode\extensions\redhat.java-1.55.0-win32-x64\jre\21.0.11-win32-x86_64\bin\net.dll
Event: 0.138 Loaded shared library C:\Users\neth\.vscode\extensions\redhat.java-1.55.0-win32-x64\jre\21.0.11-win32-x86_64\bin\nio.dll
Event: 0.142 Loaded shared library C:\Users\neth\.vscode\extensions\redhat.java-1.55.0-win32-x64\jre\21.0.11-win32-x86_64\bin\zip.dll
Event: 0.167 Loaded shared library C:\Users\neth\.vscode\extensions\redhat.java-1.55.0-win32-x64\jre\21.0.11-win32-x86_64\bin\jimage.dll
Event: 0.251 Loaded shared library c:\Users\neth\.vscode\extensions\redhat.java-1.55.0-win32-x64\jre\21.0.11-win32-x86_64\bin\verify.dll
Event: 1.406 Loaded shared library C:\Users\neth\AppData\Roaming\Code\User\globalStorage\redhat.java\1.55.0\config_win\org.eclipse.equinox.launcher\org.eclipse.equinox.launcher.win32.win32.x86_64_1.3.100.v20260613-0559\eclipse_11924.dll
Event: 4.935 Loaded shared library C:\Users\neth\AppData\Local\Temp\jna-3377771\jna1719198140905030309.dll

Deoptimization events (20 events):
Event: 6.747 Thread 0x0000027822492220 DEOPT PACKING pc=0x00000277cc084e2c sp=0x000000fdb00feef0
Event: 6.747 Thread 0x0000027822492220 DEOPT UNPACKING pc=0x00000277cb906da2 sp=0x000000fdb00fee80 mode 2
Event: 6.748 Thread 0x0000027822492220 Uncommon trap: trap_request=0xffffff45 fr.pc=0x00000277cc07a2d0 relative=0x0000000000000190
Event: 6.748 Thread 0x0000027822492220 Uncommon trap: reason=unstable_if action=reinterpret pc=0x00000277cc07a2d0 method=com.google.gson.stream.JsonReader.doPeek()I @ 731 c2
Event: 6.748 Thread 0x0000027822492220 DEOPT PACKING pc=0x00000277cc07a2d0 sp=0x000000fdb00feed0
Event: 6.748 Thread 0x0000027822492220 DEOPT UNPACKING pc=0x00000277cb906da2 sp=0x000000fdb00fee50 mode 2
Event: 6.748 Thread 0x0000027822492220 Uncommon trap: trap_request=0xffffff45 fr.pc=0x00000277cc07b3c8 relative=0x00000000000000a8
Event: 6.748 Thread 0x0000027822492220 Uncommon trap: reason=unstable_if action=reinterpret pc=0x00000277cc07b3c8 method=com.google.gson.stream.JsonReader.peek()Lcom/google/gson/stream/JsonToken; @ 15 c2
Event: 6.748 Thread 0x0000027822492220 DEOPT PACKING pc=0x00000277cc07b3c8 sp=0x000000fdb00fef00
Event: 6.748 Thread 0x0000027822492220 DEOPT UNPACKING pc=0x00000277cb906da2 sp=0x000000fdb00fee88 mode 2
Event: 6.752 Thread 0x00000277c117f9f0 Uncommon trap: trap_request=0xffffff45 fr.pc=0x00000277cbfdf688 relative=0x0000000000000748
Event: 6.752 Thread 0x00000277c117f9f0 Uncommon trap: reason=unstable_if action=reinterpret pc=0x00000277cbfdf688 method=java.util.regex.Pattern$BmpCharPropertyGreedy.match(Ljava/util/regex/Matcher;ILjava/lang/CharSequence;)Z @ 12 c2
Event: 6.752 Thread 0x00000277c117f9f0 DEOPT PACKING pc=0x00000277cbfdf688 sp=0x000000fdac8fe080
Event: 6.752 Thread 0x00000277c117f9f0 DEOPT UNPACKING pc=0x00000277cb906da2 sp=0x000000fdac8fdf68 mode 2
Event: 6.762 Thread 0x0000027822492220 Uncommon trap: trap_request=0xffffff45 fr.pc=0x00000277cc08dd84 relative=0x00000000000015e4
Event: 6.762 Thread 0x0000027822492220 Uncommon trap: reason=unstable_if action=reinterpret pc=0x00000277cc08dd84 method=com.google.gson.stream.JsonReader.nextQuotedValue(C)Ljava/lang/String; @ 121 c2
Event: 6.762 Thread 0x0000027822492220 DEOPT PACKING pc=0x00000277cc08dd84 sp=0x000000fdb00fe910
Event: 6.762 Thread 0x0000027822492220 DEOPT UNPACKING pc=0x00000277cb906da2 sp=0x000000fdb00fe7d0 mode 2
Event: 6.785 Thread 0x000002781fd656f0 DEOPT PACKING pc=0x00000277c4c8c49f sp=0x000000fdaf0fd280
Event: 6.785 Thread 0x000002781fd656f0 DEOPT UNPACKING pc=0x00000277cb9078e2 sp=0x000000fdaf0fc758 mode 0

Classes loaded (20 events):
Event: 6.752 Loading class sun/util/locale/provider/CalendarNameProviderImpl$LengthBasedComparator
Event: 6.752 Loading class sun/util/locale/provider/CalendarNameProviderImpl$LengthBasedComparator done
Event: 6.773 Loading class java/io/PrintWriter$1
Event: 6.773 Loading class jdk/internal/access/JavaIOPrintWriterAccess
Event: 6.773 Loading class jdk/internal/access/JavaIOPrintWriterAccess done
Event: 6.773 Loading class java/io/PrintWriter$1 done
Event: 6.775 Loading class java/time/format/DateTimeParseContext
Event: 6.776 Loading class java/time/format/DateTimeParseContext done
Event: 6.776 Loading class java/time/format/Parsed
Event: 6.776 Loading class java/time/format/Parsed done
Event: 6.779 Loading class sun/nio/cs/ThreadLocalCoders
Event: 6.779 Loading class sun/nio/cs/ThreadLocalCoders done
Event: 6.780 Loading class sun/nio/cs/ThreadLocalCoders$1
Event: 6.780 Loading class sun/nio/cs/ThreadLocalCoders$Cache
Event: 6.780 Loading class sun/nio/cs/ThreadLocalCoders$Cache done
Event: 6.780 Loading class sun/nio/cs/ThreadLocalCoders$1 done
Event: 6.780 Loading class sun/nio/cs/ThreadLocalCoders$2
Event: 6.780 Loading class sun/nio/cs/ThreadLocalCoders$2 done
Event: 6.787 Loading class sun/reflect/generics/repository/FieldRepository
Event: 6.787 Loading class sun/reflect/generics/repository/FieldRepository done

Classes unloaded (7 events):
Event: 5.527 Thread 0x000002781a020090 Unloading class 0x00000277d91ad400 'java/lang/invoke/LambdaForm$MH+0x00000277d91ad400'
Event: 5.527 Thread 0x000002781a020090 Unloading class 0x00000277d91ad000 'java/lang/invoke/LambdaForm$MH+0x00000277d91ad000'
Event: 5.527 Thread 0x000002781a020090 Unloading class 0x00000277d91acc00 'java/lang/invoke/LambdaForm$MH+0x00000277d91acc00'
Event: 5.527 Thread 0x000002781a020090 Unloading class 0x00000277d91ac800 'java/lang/invoke/LambdaForm$MH+0x00000277d91ac800'
Event: 5.527 Thread 0x000002781a020090 Unloading class 0x00000277d91ac400 'java/lang/invoke/LambdaForm$BMH+0x00000277d91ac400'
Event: 5.527 Thread 0x000002781a020090 Unloading class 0x00000277d91ac000 'java/lang/invoke/LambdaForm$DMH+0x00000277d91ac000'
Event: 5.527 Thread 0x000002781a020090 Unloading class 0x00000277d91aac00 'java/lang/invoke/LambdaForm$DMH+0x00000277d91aac00'

Classes redefined (0 events):
No events

Internal exceptions (20 events):
Event: 6.488 Thread 0x000002781fd677c0 Exception <a 'sun/nio/fs/WindowsException'{0x00000000d62cf1e8}> (0x00000000d62cf1e8) 
thrown [s\src\hotspot\share\prims\jni.cpp, line 520]
Event: 6.488 Thread 0x000002781fd677c0 Exception <a 'sun/nio/fs/WindowsException'{0x00000000d62cfae8}> (0x00000000d62cfae8) 
thrown [s\src\hotspot\share\prims\jni.cpp, line 520]
Event: 6.488 Thread 0x000002781fd677c0 Exception <a 'sun/nio/fs/WindowsException'{0x00000000d62d1530}> (0x00000000d62d1530) 
thrown [s\src\hotspot\share\prims\jni.cpp, line 520]
Event: 6.489 Thread 0x000002781fd677c0 Exception <a 'sun/nio/fs/WindowsException'{0x00000000d62d1e30}> (0x00000000d62d1e30) 
thrown [s\src\hotspot\share\prims\jni.cpp, line 520]
Event: 6.494 Thread 0x000002781fd677c0 Exception <a 'java/lang/NoSuchMethodError'{0x00000000d632e310}: 'void java.lang.invoke.DirectMethodHandle$Holder.invokeVirtual(java.lang.Object, java.lang.Object, java.lang.Object, java.lang.Object)'> (0x00000000d632e310) 
thrown [s\src\hotspot\share\interpreter\linkResolver.cpp, line 773]
Event: 6.504 Thread 0x000002781fd677c0 Exception <a 'sun/nio/fs/WindowsException'{0x00000000d63f72e8}> (0x00000000d63f72e8) 
thrown [s\src\hotspot\share\prims\jni.cpp, line 520]
Event: 6.504 Thread 0x000002781fd677c0 Exception <a 'sun/nio/fs/WindowsException'{0x00000000d63f7de8}> (0x00000000d63f7de8) 
thrown [s\src\hotspot\share\prims\jni.cpp, line 520]
Event: 6.507 Thread 0x000002781fd677c0 Exception <a 'sun/nio/fs/WindowsException'{0x00000000d642c080}> (0x00000000d642c080) 
thrown [s\src\hotspot\share\prims\jni.cpp, line 520]
Event: 6.507 Thread 0x000002781fd677c0 Exception <a 'sun/nio/fs/WindowsException'{0x00000000d642c980}> (0x00000000d642c980) 
thrown [s\src\hotspot\share\prims\jni.cpp, line 520]
Event: 6.508 Thread 0x000002781fd677c0 Exception <a 'sun/nio/fs/WindowsException'{0x00000000d6431d18}> (0x00000000d6431d18) 
thrown [s\src\hotspot\share\prims\jni.cpp, line 520]
Event: 6.508 Thread 0x000002781fd677c0 Exception <a 'sun/nio/fs/WindowsException'{0x00000000d6432568}> (0x00000000d6432568) 
thrown [s\src\hotspot\share\prims\jni.cpp, line 520]
Event: 6.509 Thread 0x000002781fd677c0 Exception <a 'sun/nio/fs/WindowsException'{0x00000000d6473960}> (0x00000000d6473960) 
thrown [s\src\hotspot\share\prims\jni.cpp, line 520]
Event: 6.509 Thread 0x000002781fd677c0 Exception <a 'sun/nio/fs/WindowsException'{0x00000000d6473fb0}> (0x00000000d6473fb0) 
thrown [s\src\hotspot\share\prims\jni.cpp, line 520]
Event: 6.517 Thread 0x000002781fd677c0 Exception <a 'java/io/FileNotFoundException'{0x00000000d659d800}> (0x00000000d659d800) 
thrown [s\src\hotspot\share\prims\jni.cpp, line 520]
Event: 6.586 Thread 0x000002781fd677c0 Exception <a 'sun/nio/fs/WindowsException'{0x00000000d6a82e10}> (0x00000000d6a82e10) 
thrown [s\src\hotspot\share\prims\jni.cpp, line 520]
Event: 6.586 Thread 0x000002781fd677c0 Exception <a 'sun/nio/fs/WindowsException'{0x00000000d6a83460}> (0x00000000d6a83460) 
thrown [s\src\hotspot\share\prims\jni.cpp, line 520]
Event: 6.680 Thread 0x00000277c117f9f0 Exception <a 'java/lang/NoSuchMethodError'{0x00000000d5b44ae0}: 'void java.lang.invoke.DirectMethodHandle$Holder.invokeSpecial(java.lang.Object, java.lang.Object, java.lang.Object, java.lang.Object, java.lang.Object, java.lang.Object)'> (0x00000000d5b44ae0) 
thrown [s\src\hotspot\share\interpreter\linkResolver.cpp, line 773]
Event: 6.681 Thread 0x00000277c117f9f0 Exception <a 'java/lang/IncompatibleClassChangeError'{0x00000000d5b4cd20}: Found class java.lang.Object, but interface was expected> (0x00000000d5b4cd20) 
thrown [s\src\hotspot\share\interpreter\linkResolver.cpp, line 840]
Event: 6.681 Thread 0x00000277c117f9f0 Exception <a 'java/lang/IncompatibleClassChangeError'{0x00000000d5b4ded8}: Found class java.lang.Object, but interface was expected> (0x00000000d5b4ded8) 
thrown [s\src\hotspot\share\interpreter\linkResolver.cpp, line 840]
Event: 6.695 Thread 0x000002781fd656f0 Exception <a 'java/lang/NoSuchMethodError'{0x00000000d5c84860}: 'java.lang.Object java.lang.invoke.DirectMethodHandle$Holder.invokeSpecialIFC(java.lang.Object, java.lang.Object, java.lang.Object, java.lang.Object)'> (0x00000000d5c84860) 
thrown [s\src\hotspot\share\interpreter\linkResolver.cpp, line 773]

ZGC Phase Switch (0 events):
No events

VM Operations (20 events):
Event: 5.518 Executing safepoint VM operation: CollectForMetadataAllocation (Metadata GC Threshold)
Event: 5.552 Executing safepoint VM operation: CollectForMetadataAllocation (Metadata GC Threshold) done
Event: 5.736 Executing safepoint VM operation: ParallelGCFailedAllocation (Allocation Failure)
Event: 5.738 Executing safepoint VM operation: ParallelGCFailedAllocation (Allocation Failure) done
Event: 5.910 Executing safepoint VM operation: ParallelGCFailedAllocation (Allocation Failure)
Event: 5.911 Executing safepoint VM operation: ParallelGCFailedAllocation (Allocation Failure) done
Event: 6.086 Executing safepoint VM operation: ParallelGCFailedAllocation (Allocation Failure)
Event: 6.088 Executing safepoint VM operation: ParallelGCFailedAllocation (Allocation Failure) done
Event: 6.110 Executing non-safepoint VM operation: HandshakeAllThreads (Deoptimize)
Event: 6.110 Executing non-safepoint VM operation: HandshakeAllThreads (Deoptimize) done
Event: 6.216 Executing non-safepoint VM operation: HandshakeAllThreads (Deoptimize)
Event: 6.216 Executing non-safepoint VM operation: HandshakeAllThreads (Deoptimize) done
Event: 6.356 Executing safepoint VM operation: ParallelGCFailedAllocation (Allocation Failure)
Event: 6.359 Executing safepoint VM operation: ParallelGCFailedAllocation (Allocation Failure) done
Event: 6.604 Executing safepoint VM operation: ParallelGCFailedAllocation (Allocation Failure)
Event: 6.606 Executing safepoint VM operation: ParallelGCFailedAllocation (Allocation Failure) done
Event: 6.664 Executing non-safepoint VM operation: HandshakeAllThreads (Deoptimize)
Event: 6.664 Executing non-safepoint VM operation: HandshakeAllThreads (Deoptimize) done
Event: 6.697 Executing safepoint VM operation: CollectForMetadataAllocation (Metadata GC Threshold)
Event: 6.729 Executing safepoint VM operation: CollectForMetadataAllocation (Metadata GC Threshold) done

Memory protections (0 events):
No events

Nmethod flushes (20 events):
Event: 6.713 Thread 0x000002781a020090 flushing  nmethod 0x00000277c49c4490
Event: 6.713 Thread 0x000002781a020090 flushing  nmethod 0x00000277c49c4c90
Event: 6.713 Thread 0x000002781a020090 flushing  nmethod 0x00000277c49c5410
Event: 6.713 Thread 0x000002781a020090 flushing  nmethod 0x00000277c49c6990
Event: 6.713 Thread 0x000002781a020090 flushing  nmethod 0x00000277c49c6d90
Event: 6.713 Thread 0x000002781a020090 flushing  nmethod 0x00000277c49c7690
Event: 6.713 Thread 0x000002781a020090 flushing  nmethod 0x00000277c49c8390
Event: 6.713 Thread 0x000002781a020090 flushing  nmethod 0x00000277c49c8810
Event: 6.713 Thread 0x000002781a020090 flushing  nmethod 0x00000277c49d3a10
Event: 6.713 Thread 0x000002781a020090 flushing  nmethod 0x00000277c49d4e10
Event: 6.713 Thread 0x000002781a020090 flushing  nmethod 0x00000277c49eb710
Event: 6.713 Thread 0x000002781a020090 flushing  nmethod 0x00000277c49f2910
Event: 6.713 Thread 0x000002781a020090 flushing  nmethod 0x00000277c4a00810
Event: 6.713 Thread 0x000002781a020090 flushing  nmethod 0x00000277c4a02b10
Event: 6.713 Thread 0x000002781a020090 flushing  nmethod 0x00000277c4a55910
Event: 6.713 Thread 0x000002781a020090 flushing  nmethod 0x00000277c4a8ce10
Event: 6.713 Thread 0x000002781a020090 flushing  nmethod 0x00000277c4aabc10
Event: 6.713 Thread 0x000002781a020090 flushing  nmethod 0x00000277c4abf110
Event: 6.713 Thread 0x000002781a020090 flushing  nmethod 0x00000277c4abf590
Event: 6.713 Thread 0x000002781a020090 flushing  nmethod 0x00000277c4adb490

Events (20 events):
Event: 6.098 Thread 0x00000277c12333c0 Thread added: 0x0000027821482da0
Event: 6.099 Thread 0x000002781a2f0c40 Thread added: 0x000002781fd67e50
Event: 6.317 Thread 0x000002781fd67130 Thread added: 0x000002781fd684e0
Event: 6.360 Thread 0x000002781fd684e0 Thread added: 0x000002781fd656f0
Event: 6.398 Thread 0x00000277c117f9f0 Thread added: 0x000002781fd68b70
Event: 6.399 Thread 0x00000277c117f9f0 Thread added: 0x000002781fd66410
Event: 6.399 Thread 0x00000277c117f9f0 Thread added: 0x000002781fd65d80
Event: 6.399 Thread 0x00000277c117f9f0 Thread added: 0x000002781fd69f20
Event: 6.400 Thread 0x00000277c117f9f0 Thread added: 0x000002781fd69200
Event: 6.400 Thread 0x00000277c117f9f0 Thread added: 0x000002781fd66aa0
Event: 6.400 Thread 0x00000277c117f9f0 Thread added: 0x000002781fd69890
Event: 6.400 Thread 0x00000277c117f9f0 Thread added: 0x000002781fd6ac40
Event: 6.401 Thread 0x00000277c117f9f0 Thread added: 0x000002781fd6c680
Event: 6.401 Thread 0x00000277c117f9f0 Thread added: 0x000002781fd6a5b0
Event: 6.401 Thread 0x00000277c117f9f0 Thread added: 0x000002781fd6b2d0
Event: 6.402 Thread 0x00000277c117f9f0 Thread added: 0x000002781fd6b960
Event: 6.402 Thread 0x00000277c117f9f0 Thread added: 0x000002781fd6bff0
Event: 6.425 Thread 0x00000277c117f9f0 Thread added: 0x00000278224935d0
Event: 6.742 Thread 0x00000277c117f9f0 Thread added: 0x0000027822493c60
Event: 6.742 Thread 0x00000277c117f9f0 Thread added: 0x0000027822492220


Dynamic libraries:
0x00007ff78c610000 - 0x00007ff78c61e000 	c:\Users\neth\.vscode\extensions\redhat.java-1.55.0-win32-x64\jre\21.0.11-win32-x86_64\bin\java.exe
0x00007ff8c2e40000 - 0x00007ff8c30a6000 	C:\WINDOWS\SYSTEM32\ntdll.dll
0x00007ff8c0f00000 - 0x00007ff8c0fc9000 	C:\WINDOWS\System32\KERNEL32.DLL
0x00007ff8c0060000 - 0x00007ff8c045e000 	C:\WINDOWS\System32\KERNELBASE.dll
0x00007ff8c07e0000 - 0x00007ff8c092c000 	C:\WINDOWS\System32\ucrtbase.dll
0x00007ff8bac60000 - 0x00007ff8bac78000 	c:\Users\neth\.vscode\extensions\redhat.java-1.55.0-win32-x64\jre\21.0.11-win32-x86_64\bin\jli.dll
0x00007ff8b8bd0000 - 0x00007ff8b8bee000 	c:\Users\neth\.vscode\extensions\redhat.java-1.55.0-win32-x64\jre\21.0.11-win32-x86_64\bin\VCRUNTIME140.dll
0x00007ff8c2990000 - 0x00007ff8c2b57000 	C:\WINDOWS\System32\USER32.dll
0x00007ff8a5b20000 - 0x00007ff8a5db2000 	C:\WINDOWS\WinSxS\amd64_microsoft.windows.common-controls_6595b64144ccf1df_6.0.26100.8875_none_3e0d5d42e32fe9dd\COMCTL32.dll
0x00007ff8c0630000 - 0x00007ff8c0657000 	C:\WINDOWS\System32\win32u.dll
0x00007ff8c2730000 - 0x00007ff8c27d9000 	C:\WINDOWS\System32\msvcrt.dll
0x00007ff8c2c90000 - 0x00007ff8c2cbb000 	C:\WINDOWS\System32\GDI32.dll
0x00007ff8c0500000 - 0x00007ff8c062a000 	C:\WINDOWS\System32\gdi32full.dll
0x00007ff8c0940000 - 0x00007ff8c09e3000 	C:\WINDOWS\System32\msvcp_win.dll
0x00007ff8c1a90000 - 0x00007ff8c1ac2000 	C:\WINDOWS\System32\IMM32.DLL
0x00007ff8bac30000 - 0x00007ff8bac3c000 	c:\Users\neth\.vscode\extensions\redhat.java-1.55.0-win32-x64\jre\21.0.11-win32-x86_64\bin\vcruntime140_1.dll
0x00007ff897a30000 - 0x00007ff897abd000 	c:\Users\neth\.vscode\extensions\redhat.java-1.55.0-win32-x64\jre\21.0.11-win32-x86_64\bin\msvcp140.dll
0x00007ff84ac50000 - 0x00007ff84b9f2000 	c:\Users\neth\.vscode\extensions\redhat.java-1.55.0-win32-x64\jre\21.0.11-win32-x86_64\bin\server\jvm.dll
0x00007ff8c2cc0000 - 0x00007ff8c2d77000 	C:\WINDOWS\System32\ADVAPI32.dll
0x00007ff8c1b30000 - 0x00007ff8c1bda000 	C:\WINDOWS\System32\sechost.dll
0x00007ff8c2870000 - 0x00007ff8c2988000 	C:\WINDOWS\System32\RPCRT4.dll
0x00007ff8c0fd0000 - 0x00007ff8c1050000 	C:\WINDOWS\System32\WS2_32.dll
0x00007ff8bfec0000 - 0x00007ff8bff1e000 	C:\WINDOWS\SYSTEM32\POWRPROF.dll
0x00007ff8a7d80000 - 0x00007ff8a7db6000 	C:\WINDOWS\SYSTEM32\WINMM.dll
0x00007ff8b8820000 - 0x00007ff8b882b000 	C:\WINDOWS\SYSTEM32\VERSION.dll
0x00007ff8bfea0000 - 0x00007ff8bfeb4000 	C:\WINDOWS\SYSTEM32\UMPDC.dll
0x00007ff8bed00000 - 0x00007ff8bed1b000 	C:\WINDOWS\SYSTEM32\kernel.appcore.dll
0x00007ff8b9a70000 - 0x00007ff8b9a7a000 	c:\Users\neth\.vscode\extensions\redhat.java-1.55.0-win32-x64\jre\21.0.11-win32-x86_64\bin\jimage.dll
0x00007ff8bd630000 - 0x00007ff8bd872000 	C:\WINDOWS\SYSTEM32\DBGHELP.DLL
0x00007ff8c0b70000 - 0x00007ff8c0ef3000 	C:\WINDOWS\System32\combase.dll
0x00007ff8c2380000 - 0x00007ff8c2459000 	C:\WINDOWS\System32\OLEAUT32.dll
0x00007ff8b9a80000 - 0x00007ff8b9abb000 	C:\WINDOWS\SYSTEM32\dbgcore.DLL
0x00007ff8c0660000 - 0x00007ff8c070c000 	C:\WINDOWS\System32\bcryptPrimitives.dll
0x00007ff8b8cd0000 - 0x00007ff8b8cdf000 	c:\Users\neth\.vscode\extensions\redhat.java-1.55.0-win32-x64\jre\21.0.11-win32-x86_64\bin\instrument.dll
0x00007ff8b8bb0000 - 0x00007ff8b8bd0000 	c:\Users\neth\.vscode\extensions\redhat.java-1.55.0-win32-x64\jre\21.0.11-win32-x86_64\bin\java.dll
0x00007ff8c1be0000 - 0x00007ff8c2372000 	C:\WINDOWS\System32\SHELL32.dll
0x00007ff8bdae0000 - 0x00007ff8be372000 	C:\WINDOWS\SYSTEM32\windows.storage.dll
0x00007ff8c1060000 - 0x00007ff8c1157000 	C:\WINDOWS\System32\SHCORE.dll
0x00007ff8c26b0000 - 0x00007ff8c2717000 	C:\WINDOWS\System32\shlwapi.dll
0x00007ff8bff80000 - 0x00007ff8bffa9000 	C:\WINDOWS\SYSTEM32\profapi.dll
0x00007ff8b5170000 - 0x00007ff8b5188000 	c:\Users\neth\.vscode\extensions\redhat.java-1.55.0-win32-x64\jre\21.0.11-win32-x86_64\bin\zip.dll
0x00007ff8b9a40000 - 0x00007ff8b9a50000 	C:\Users\neth\.vscode\extensions\redhat.java-1.55.0-win32-x64\jre\21.0.11-win32-x86_64\bin\net.dll
0x00007ff8b6e40000 - 0x00007ff8b6f67000 	C:\WINDOWS\SYSTEM32\WINHTTP.dll
0x00007ff8bf290000 - 0x00007ff8bf2fc000 	C:\WINDOWS\system32\mswsock.dll
0x00007ff8b5150000 - 0x00007ff8b5166000 	C:\Users\neth\.vscode\extensions\redhat.java-1.55.0-win32-x64\jre\21.0.11-win32-x86_64\bin\nio.dll
0x00007ff8a9af0000 - 0x00007ff8a9b00000 	c:\Users\neth\.vscode\extensions\redhat.java-1.55.0-win32-x64\jre\21.0.11-win32-x86_64\bin\verify.dll
0x00007ff8969a0000 - 0x00007ff8969e5000 	C:\Users\neth\AppData\Roaming\Code\User\globalStorage\redhat.java\1.55.0\config_win\org.eclipse.equinox.launcher\org.eclipse.equinox.launcher.win32.win32.x86_64_1.3.100.v20260613-0559\eclipse_11924.dll
0x00007ff8c15f0000 - 0x00007ff8c1789000 	C:\WINDOWS\System32\ole32.dll
0x00007ff8bf6c0000 - 0x00007ff8bf6db000 	C:\WINDOWS\SYSTEM32\CRYPTSP.dll
0x00007ff8bec60000 - 0x00007ff8bec99000 	C:\WINDOWS\system32\rsaenh.dll
0x00007ff8bf350000 - 0x00007ff8bf382000 	C:\WINDOWS\SYSTEM32\USERENV.dll
0x00007ff8bff50000 - 0x00007ff8bff7a000 	C:\WINDOWS\SYSTEM32\bcrypt.dll
0x00007ff8bf500000 - 0x00007ff8bf50c000 	C:\WINDOWS\SYSTEM32\CRYPTBASE.dll
0x00007ff8be6b0000 - 0x00007ff8be6e3000 	C:\WINDOWS\SYSTEM32\IPHLPAPI.DLL
0x00007ff8c2b60000 - 0x00007ff8c2b6a000 	C:\WINDOWS\System32\NSI.dll
0x00007ff87f280000 - 0x00007ff87f2c9000 	C:\Users\neth\AppData\Local\Temp\jna-3377771\jna1719198140905030309.dll
0x00007ff8c1a30000 - 0x00007ff8c1a38000 	C:\WINDOWS\System32\PSAPI.DLL
0x00007ff8b73f0000 - 0x00007ff8b740d000 	C:\WINDOWS\SYSTEM32\dhcpcsvc6.DLL
0x00007ff8b6db0000 - 0x00007ff8b6dd5000 	C:\WINDOWS\SYSTEM32\dhcpcsvc.DLL

JVMTI agents:
c:\Users\neth\.vscode\extensions\redhat.java-1.55.0-win32-x64\lombok\lombok-1.18.39-4050.jar path:c:\Users\neth\.vscode\extensions\redhat.java-1.55.0-win32-x64\jre\21.0.11-win32-x86_64\bin\instrument.dll, loaded, initialized, instrumentlib options:none

dbghelp: loaded successfully - version: 4.0.5 - missing functions: none
symbol engine: initialized successfully - sym options: 0x614 - pdb path: .;c:\Users\neth\.vscode\extensions\redhat.java-1.55.0-win32-x64\jre\21.0.11-win32-x86_64\bin;C:\WINDOWS\SYSTEM32;C:\WINDOWS\WinSxS\amd64_microsoft.windows.common-controls_6595b64144ccf1df_6.0.26100.8875_none_3e0d5d42e32fe9dd;c:\Users\neth\.vscode\extensions\redhat.java-1.55.0-win32-x64\jre\21.0.11-win32-x86_64\bin\server;C:\Users\neth\AppData\Roaming\Code\User\globalStorage\redhat.java\1.55.0\config_win\org.eclipse.equinox.launcher\org.eclipse.equinox.launcher.win32.win32.x86_64_1.3.100.v20260613-0559;C:\Users\neth\AppData\Local\Temp\jna-3377771

VM Arguments:
jvm_args: --add-modules=ALL-SYSTEM --add-opens=java.base/java.util=ALL-UNNAMED --add-opens=java.base/java.lang=ALL-UNNAMED --add-opens=java.base/sun.nio.fs=ALL-UNNAMED -Declipse.application=org.eclipse.jdt.ls.core.id1 -Dosgi.bundles.defaultStartLevel=4 -Declipse.product=org.eclipse.jdt.ls.core.product -Djava.import.generatesMetadataFilesAtProjectRoot=false -DDetectVMInstallationsJob.disabled=true -Dfile.encoding=utf8 -XX:+UseParallelGC -XX:GCTimeRatio=4 -XX:AdaptiveSizePolicyWeight=90 -Dsun.zip.disableMemoryMapping=true -Xmx2G -Xms100m -Xlog:disable -javaagent:c:\Users\neth\.vscode\extensions\redhat.java-1.55.0-win32-x64\lombok\lombok-1.18.39-4050.jar -XX:+HeapDumpOnOutOfMemoryError -XX:HeapDumpPath=c:\Users\neth\AppData\Roaming\Code\User\workspaceStorage\c4494874b678732b3f5b28ec4bd7de0d\redhat.java -Daether.dependencyCollector.impl=bf 
java_command: c:\Users\neth\.vscode\extensions\redhat.java-1.55.0-win32-x64\server\plugins\org.eclipse.equinox.launcher_1.7.200.v20260619-2039.jar -configuration c:\Users\neth\AppData\Roaming\Code\User\globalStorage\redhat.java\1.55.0\config_win -data c:\Users\neth\AppData\Roaming\Code\User\workspaceStorage\c4494874b678732b3f5b28ec4bd7de0d\redhat.java\jdt_ws --pipe=\\.\pipe\lsp-c0b45f2b736839028f4b539ff108f617-sock
java_class_path (initial): c:\Users\neth\.vscode\extensions\redhat.java-1.55.0-win32-x64\server\plugins\org.eclipse.equinox.launcher_1.7.200.v20260619-2039.jar
Launcher Type: SUN_STANDARD

[Global flags]
    uintx AdaptiveSizePolicyWeight                 = 90                                        {product} {command line}
     intx CICompilerCount                          = 4                                         {product} {ergonomic}
    uintx GCTimeRatio                              = 4                                         {product} {command line}
     bool HeapDumpOnOutOfMemoryError               = true                                   {manageable} {command line}
    ccstr HeapDumpPath                             = c:\Users\neth\AppData\Roaming\Code\User\workspaceStorage\c4494874b678732b3f5b28ec4bd7de0d\redhat.java         {manageable} {command line}
   size_t InitialHeapSize                          = 104857600                                 {product} {command line}
   size_t MaxHeapSize                              = 2147483648                                {product} {command line}
   size_t MaxNewSize                               = 715653120                                 {product} {ergonomic}
   size_t MinHeapDeltaBytes                        = 524288                                    {product} {ergonomic}
   size_t MinHeapSize                              = 104857600                                 {product} {command line}
   size_t NewSize                                  = 34603008                                  {product} {ergonomic}
    uintx NonNMethodCodeHeapSize                   = 5839372                                {pd product} {ergonomic}
    uintx NonProfiledCodeHeapSize                  = 122909434                              {pd product} {ergonomic}
   size_t OldSize                                  = 70254592                                  {product} {ergonomic}
    uintx ProfiledCodeHeapSize                     = 122909434                              {pd product} {ergonomic}
    uintx ReservedCodeCacheSize                    = 251658240                              {pd product} {ergonomic}
     bool SegmentedCodeCache                       = true                                      {product} {ergonomic}
   size_t SoftMaxHeapSize                          = 2147483648                             {manageable} {ergonomic}
     bool UseCompressedOops                        = true                           {product lp64_product} {ergonomic}
     bool UseLargePagesIndividualAllocation        = false                                  {pd product} {ergonomic}
     bool UseParallelGC                            = true                                      {product} {command line}

Logging:
Log output configuration:
 #0: stdout all=off uptime,level,tags foldmultilines=false
 #1: stderr all=off uptime,level,tags foldmultilines=false

Release file:
JAVA_VERSION="21.0.11" 
MODULES="java.base java.compiler java.datatransfer java.xml java.prefs java.desktop java.instrument java.logging java.management java.security.sasl java.naming java.rmi java.management.rmi java.net.http java.scripting java.security.jgss java.transaction.xa java.sql java.sql.rowset java.xml.crypto java.se java.smartcardio jdk.accessibility jdk.internal.jvmstat jdk.attach jdk.charsets jdk.internal.opt jdk.zipfs jdk.compiler jdk.crypto.ec jdk.crypto.cryptoki jdk.crypto.mscapi jdk.dynalink jdk.internal.ed jdk.editpad jdk.hotspot.agent jdk.httpserver jdk.internal.le jdk.internal.vm.ci jdk.internal.vm.compiler jdk.internal.vm.compiler.management jdk.jartool jdk.javadoc jdk.jcmd jdk.management jdk.management.agent jdk.jconsole jdk.jdeps jdk.jdwp.agent jdk.jdi jdk.jfr jdk.jshell jdk.jsobject jdk.jstatd jdk.localedata jdk.management.jfr jdk.naming.dns jdk.naming.rmi jdk.net jdk.nio.mapmode jdk.random jdk.sctp jdk.security.auth jdk.security.jgss jdk.unsupported jdk.unsupported.desktop jdk.xml.dom" 

Environment Variables:
JAVA_HOME=C:\Program Files\Java\jdk-21.0.11
PATH=C:\Python314\Scripts\;C:\Python314\;C:\WINDOWS\system32;C:\WINDOWS;C:\WINDOWS\System32\Wbem;C:\WINDOWS\System32\WindowsPowerShell\v1.0\;C:\WINDOWS\System32\OpenSSH\;C:\Program Files\Docker\Docker\resources\bin;C:\Program Files\Git\cmd;C:\Users\neth\Downloads\apache-maven-3.9.16-bin\apache-maven-3.9.16\bin;C:\Program Files\PostgreSQL\17\bin;C:\Users\neth\src\flutter\bin;C:\Program Files (x86)\cloudflared\;C:\Program Files\dotnet\;C:\Program Files\Microsoft SQL Server\170\Tools\Binn\;C:\ProgramData\chocolatey\bin;C:\Program Files (x86)\Windows Kits\10\Windows Performance Toolkit\;C:\Program Files\nodejs\;C:\Users\neth\AppData\Local\Antigravity\agy.exe;C:\Program Files\Common Files\Oracle\Java\javapath;C:\WINDOWS\system32;C:\WINDOWS;C:\WINDOWS\System32\Wbem;C:\WINDOWS\System32\WindowsPowerShell\v1.0\;C:\WINDOWS\System32\OpenSSH\;C:\Program Files\Docker\Docker\resources\bin;C:\Program Files\Git\cmd;C:\Users\neth\Downloads\apache-maven-3.9.16-bin\apache-maven-3.9.16\bin;C:\Program Files\PostgreSQL\17\bin;C:\Program Files\Kubernetes\Minikube;C:\Users\neth\src\flutter\bin;C:\Users\neth\AppData\Local\Microsoft\WindowsApps;C:\Users\neth\AppData\Local\Programs\Microsoft VS Code\bin;C:\Users\neth\AppData\Local\JetBrains\Toolbox\scripts;C:\Program Files\JetBrains\IntelliJ IDEA Community Edition 2025.2.6.2\bin;C:\flutter\bin;C:\Users\neth\AppData\Local\Microsoft\WinGet\Packages\Ngrok.Ngrok_Microsoft.Winget.Source_8wekyb3d8bbwe;C:\Users\neth\AppData\Local\Programs\Warp\bin;C:\Users\neth\.dotnet\tools;C:\Users\neth\AppData\Roaming\npm;C:\Users\neth\AppData\Local\Programs\Antigravity IDE\bin
USERNAME=neth
OS=Windows_NT
PROCESSOR_IDENTIFIER=Intel64 Family 6 Model 141 Stepping 1, GenuineIntel
TMP=C:\Users\neth\AppData\Local\Temp
TEMP=C:\Users\neth\AppData\Local\Temp




Periodic native trim disabled

---------------  S Y S T E M  ---------------

OS:
 Windows 11 , 64 bit Build 26100 (10.0.26100.8875)
OS uptime: 0 days 15:37 hours
Hyper-V role detected

CPU: total 12 (initial active 12) (6 cores per cpu, 2 threads per core) family 6 model 141 stepping 1 microcode 0x34, cx8, cmov, fxsr, ht, mmx, 3dnowpref, sse, sse2, sse3, ssse3, sse4.1, sse4.2, popcnt, lzcnt, tsc, tscinvbit, avx, avx2, aes, erms, clmul, bmi1, bmi2, adx, avx512f, avx512dq, avx512cd, avx512bw, avx512vl, sha, fma, vzeroupper, avx512_vpopcntdq, avx512_vpclmulqdq, avx512_vaes, avx512_vnni, clflush, clflushopt, clwb, avx512_vbmi2, avx512_vbmi, hv, rdtscp, rdpid, fsrm, gfni, avx512_bitalg, f16c, cet_ibt, cet_ss, avx512_ifma
Processor Information for the first 12 processors :
  Max Mhz: 2688, Current Mhz: 2688, Mhz Limit: 2688

Memory: 4k page, system-wide physical 16085M (757M free)
TotalPageFile size 23071M (AvailPageFile size 3M)
current process WorkingSet (physical memory assigned to process): 202M, peak: 202M
current process commit charge ("private bytes"): 325M, peak: 326M

vm_info: OpenJDK 64-Bit Server VM (21.0.11+10-LTS) for windows-amd64 JRE (21.0.11+10-LTS), built on 2026-04-21T00:00:00Z by "admin" with MS VC++ 17.12 (VS2022)

END.
